[    0.000000] Linux version 4.15.0-118-generic (buildd@lgw01-amd64-039) (gcc version 7.5.0 (Ubuntu 7.5.0-3ubuntu1~18.04)) #19-Ubuntu SMP Tue Sep 8 12:30:01 UTC 2020 (Ubuntu 4.15.0-118.119-generic 4.15.18)
[    0.000000] Command line: BOOT_IMAGE=/boot/vmlinuz-4.15.0-118-generic root=LABEL=cloudimg-rootfs ro console=tty1 console=ttyS0
[    0.000000] KERNEL supported cpus:
[    0.000000]   Intel GenuineIntel
[    0.000000]   AMD AuthenticAMD
[    0.000000]   Centaur CentaurHauls
[    0.000000] x86/fpu: Supprting XSAVE feature 0x001: 'x87 floating point registers'
[    0.00000] x86/fpu: Supporting XSAVE feature 0x002: 'SSE registers'
[    0.000000] x86/fpu: Supporting XSAVE feature 0x004: 'AVX registers'
[    0.000000] x86/fpu: xstate_offset[2]:  576,state_sizes[2]:  256
[    0.000000] x86/fpu: Enable xstate features 0x7, context size is 832 bytes, using 'standard' format.
[    0.000000] 82: BIOS-provided physical RAM map:
[    0.000000] BIOS-e820: [mem 0x0000000000000000-0x000000000009fbff] usable
[    0.000000] BIOS-e820: [mem 0x000000000009fc00-0x000000000009ffff] reserved
[    0.000000] BIOS-e820: [mem 0x00000000000f0000-0x00000000000fffff] reserved
[    0.000000] BIOS-e820: [mem 0x0000000000100000-0x000000007ffefff usable
[    0.000000] BIOS-e820: [mem 0x000000007fff0000-0x000000007fffffff] ACPI data
[    0.000000] BIS-e820: [mem 0x00000000fec00000-0x00000000fec00fff] reserved
[    0.000000] BIOS-e820: [mem 0x00000000fee00000-0x0000000fee00fff] reserved
[    0.000000] BIOS-e820: [mem 0x00000000fffc000-0x00000000fffffff] reserved
[    0.000000] NX (Execute Disable) protection: ctive
[    0.000000] SMBIOS 2.5 present.
[    0.000000] DMI: innotek GmbH VirtulBx/VirtualBox, BIOS VirtulBox 12/01/2006
[    0.000000] Hypervisor detected: KVM
[    0.000000] e820: last_pfn = 0x7fff0 max_arch_pfn = 0x400000000
[  0.000000] MTRR: Disabled
[    0.000000] x86/PAT: MTRRs disabled, skipin PAT initialization too.
[    0.000000] CPU MTRRs al blank - virtualized system.
[    0.000000] x86/PAT: Configuration [0-7]: WB  WT  UC- UC  WB  WT  UC- UC  
[    0.000000] found SMP MP-table at [mem 0x0009fff0-0x0009ffff]
[    0.000000] Scanning 1 areas for low memory corruption
[    0000000] RAMDISK: [mem 0x35a67000-0x36d2afff]
[    0.000000] ACPI: Early table checksum verification disabled
[    0.000000] ACPI: SDP 0x00000000000E0000 000024 (v02 VBOX  )
[    0.000000] ACPI: XSDT 0x000000007FFF0030 00003C (v01 VBOX   VBOXXSDT 00000001 ASL  00000061)
[    0.000000] ACPI: FACP 0x000000007FFF00F0 0000F4 (v04 VBOX   VBOXFACP 000001 ASL  00000061)
[    0.000000] ACPI: DSDT 0x000000007FFF0470 0021FF (v02 VBOX   VBOXBIOS 00000002 INTL 20180105)
[    0.000000] ACPI: FACS 0x000000007FFF0200 000040
[    0.000000] ACPI: FACS 0x000000007FFF0200 000040
[    0.000000] ACPI: APIC 0x000000007FFF0240 00005C(v2 VBOX   VBOXPIC 000001 ASL  0000006)[    000000] ACPI: SSDT 00000007FF02A0 00CC (v01 BOX  VBXCPUT 00000002 INTL 010105)[    000000] N NMA configuration found
[    0.00000 Fakin anode at [mem 0x000000000000000-0x00000007ffeffff]
[   0.000000] NODE_DATA(0allocated me 0x7ffc00-07fefff]
[    0.0000] km-lok: cpu0,msr :744001, primay cpu cloc
[    000000] km-lock:Usng msr 4564d01 and 4b564d00
[   0.000000] vm-clckusinsched ffetof 340755566 cycls
[    0.0000] clockouce: kv-cock msk: 0xffffffffffffffma_cycles:0xcd42e4dffb, max_idle_ns: 81905948ns
[    0.000000] Zone range:
[    0.0000]   DMA    [mem 0x000000000000-0x0000000000ffff]
[    0000000]   DMA32    [mem 0x00000000000000-0x000007ffeffff]
[   0.000000   Normal  epty
[    000000]  Deice   mpy
[  0000000] Movable zone start for each node
[    .000000]Ealy memory nderangs[    0.00000]   node   0: me 0x0000000000100-0x000000000009efff]
[    0.000000]   ode   0: [mem 0x00000000010000-0x0000007ffeffff][   0.000000] Reserved but naailabl: 8 ag
[    0.00000] Initme setup nod 0[mem0x0000000001000-0x0000007fefff][    000000] ACPI: PM-Time IO or: 0x4008
[    0.000] IOAPI[0: apic_id 2, version 2,address 0xfec00000, GI -23
[  0.00000ACPI: IN_SC_OV (s 0 bus_irq 0 glbal_irq 2 fldfl)
[   0.000000] ACPI: IN_SC_OVR (bus 0 bus_iq  globalir 9 lw evel
   0.000000]Usng ACPI MAT) fr P configuratio information
[    0.000000]smpboot: Allowing 2 CPUs, 0 hotplug CPUs
[    0.000000] PM: Registered osave memory: [mem 0x00000000-0x00000fff]
[    0.000000] PM: Registered nosave memory: [mem 0x0009f000-0x0009ffff]
[    0.000000] PM: Registered nosave memory: [mem 0x000a0000-0x000effff]
[    0.000000] PM: Registered nosave memory: [mem 0x000f0000-0x000fffff]
[    0.000000] e820: [mem 0x80000000-0xfebfffff] available for PCI devices
[    0.000000] Booting paravirtualized kernel on KVM
[    0.000000] clocksource: refined-jiffies: mask: 0xffffffff max_cycles: 0xffffffff, max_idle_ns: 7645519600211568 ns
[    0.000000] andom: get_random_bytes called from start_kernel+0x99/0x500 with crng_init=0
[    0.000000] setup_percpu: NR_CPUS:8192 nr_cpumask_bits:2 nr_cpu_ids:2 nr_node_ids:1
[    0.000000] percpu Ebedded45pages/cpu s147456 r8192 d28672 u1048576
[    0.000000] PV qspilock hash table entries: 256 (order: 0, 4096 bytes)
[    0.000000] Built 1 zonelists, mobilty grouping on.  Total pages: 515961
[    0.000000] Policy zone: DMA32
[    0.000000] Kernel ommand line: BOOT_IMAGE=/boot/vmlinuz-4.15.0-118-generic root=LABEL=cloudimg-ootfs ro cnsole=tty1cosolettS0
  0.00000]Memoy:2015224K/2096696K aaiable (130K kernel code, 2482K rwata, 4272K rodat, 2436K int, 2724K bs,8147K served 0 cmreserved)
[   0.00000] SLUB: HWalign=64, Order=-3 MinObjects=0, CPUs=2, Noes=1
[    0.000000]Kernel/User page tables isolation: enabled
[    0.00000] ftrace: allocating 39396 entries in 154 page
[    0.004000] Hierarchical RCU implementation.
[    0.004000] 	RCU restricting CPUs from NR_CPUS=8192 to nr_cpu_ids=2.[   0.004000] 	Tasks RCU enabled.
[    0.004000]RCU: Adjusting geometr fr rcu_fanout_leaf=16, nr_cpu_ids=2
[    0.004000] NR_IRQS: 524544, nr_irqs: 440, preallocaed irqs: 16
[    0.004000] Console: colo VGA+ 80x25
[    0.004000] console [tty1] enabled
[    0.004000] console [ttyS0] enabled
[    0.004000] ACPI: Core revision 20170831
[    0.004000] ACPI: 2 ACPI AML tables successfully acquired and loaded
[    0.004000] APIC: Switch to symmetric I/O mode setup
[    0.004193] x2apic enabled
[    0.008007] Switched APIC routing to physical x2apic.
[    0.012988] ..TIMER: vector=0x30 apic1=0 pin1=2 apic2=-1 pin2=-1
[    0.016005] tsc: Detected 3491.914 MHz processor
[    0.020011] Calibrating delay loop (skipped) preset value.. 6983.82 BogoMIPS (lpj=13967656)
[    0.024006] pid_max: default: 32768 minimum: 301
[    0.028037] Security Framework initialized
[    0.032007] Yama: becoming mindful.
[    0.036034] AppArmor: AppArmor initialized
[    0.040707] Dentry cache hash table entries: 262144 (order: 9, 2097152 bytes)
[    0.044593] Inode-cache hash table entries: 131072 (order: 8, 1048576 bytes)
[    0.048018] Mount-cache hash table entries: 4096 (order: 3, 32768 bytes)
[    0.052011] Mountpoint-cache hash table entries: 4096 (order: 3, 32768 bytes)
[    0.056428] Last level iTLB entries: 4KB 1024, 2MB 1024, 4MB 1024
[    0.060006] Last level dTLB entries: 4KB 1024, 2MB 1024, 4MB 1024, 1GB 4
[    0.064004] Spectre V1 : Mitigation: usercopy/swapgs barriers and __user pointer sanitization
[    0.068006] Spectre V2 : Mitigation: Full generic retpoline
[    0.072004] Spectre V2 : Spectre v2 / SpectreRSB mitigation: Filling RSB on context switch
[    0.076005] Speculative Store Bypass: Vulnerable
[    0.080044] SRBDS: Unknown: Dependent on hypervisor status
[    0.084004] MDS: Mitigation: Clear CPU buffers
[    0.088133] Freeing SMP alternatives memory: 36K
[    0.202198] smpboot: CPU0: Intel(R) Core(TM) i5-4690 CPU @ 3.50GHz (family: 0x6, model: 0x3c, stepping: 0x3)
[    0.204077] Performance Events: unsupported p6 CPU model 60 no PMU driver, software events only.
[    0.208090] Hierarchical SRCU implementation.
[    0.212570] NMI watchdog: Perf event create on CPU 0 failed with -2
[    0.216006] NMI watchdog: Perf NMI watchdog permanently disabled
[    0.220072] smp: Bringing up secondary CPUs ...
[    0.224152] x86: Booting SMP configuration:
[    0.228006] .... node  #0, CPUs:      #1
[    0.004000] kvm-clock: cpu 1, msr 0:7ff44041, secondary cpu clock
[    0.362181] smp: Brought up 1 node, 2 CPUs
[    0.364005] smpboot: Max logical packages: 1
[    0.368006] smpboot: Total of 2 processors activated (13967.65 BogoMIPS)
[    0.372178] devtmpfs: initialized
[    0.376048] x86/mm: Memory block size: 128MB
[    0.380206] evm: security.selinux
[    0.384008] evm: security.SMACK64
[    0.388004] evm: security.SMACK64EXEC
[    0.392002] evm: security.SMACK64TRANSMUTE
[    0.396004] evm: security.SMACK64MMAP
[    0.400003] evm: security.apparmor
[    0.404003] evm: security.ima
[    0.408004] evm: security.capability
[    0.412085] clocksource: jiffies: mask: 0xffffffff max_cycles: 0xffffffff, max_idle_ns: 7645041785100000 ns
[    0.416010] futex hash table entries: 512 (order: 3, 32768 bytes)
[    0.418066] pinctrl core: initialized pinctrl subsystem
[    0.420103] RTC time: 18:14:42, date: 10/15/20
[    0.424136] NET: Registered protocol family 16
[    0.428075] audit: initializing netlink subsys (disabled)
[    0.432058] audit: type=2000 audit(1602785668.449:1): state=initialized audit_enabled=0 res=1
[    0.434615] cpuidle: using governor ladder
[    0.436015] cpuidle: using governor menu
[    0.440050] ACPI: bus type PCI registered
[    0.444002] acpiphp: ACPI Hot Plug PCI Controller Driver version: 0.5
[    0.448086] PCI: Using configuration type 1 for base access
[    0.456023] HugeTLB registered 2.00 MiB page size, pre-allocated 0 pages
[    0.464075] ACPI: Added _OSI(Module Device)
[    0.468011] ACPI: Added _OSI(Processor Device)
[    0.472004] ACPI: Added _OSI(3.0 _SCP Extensions)
[    0.476004] ACPI: Added _OSI(Processor Aggregator Device)
[    0.480006] ACPI: Added _OSI(Linux-Dell-Video)
[    0.484007] ACPI: Added _OSI(Linux-Lenovo-NV-HDMI-Audio)
[    0.488007] ACPI: Added _OSI(Linux-HPI-Hybrid-Graphics)
[    0.492249] ACPI: Executed 1 blocks of module-level executable AML code
[    0.500853] ACPI: Interpreter enabled
[    0.504020] ACPI: (supports S0 S5)
[    0.508006] ACPI: Using IOAPIC for interrupt routing
[    0.512218] PCI: Using host bridge windows from ACPI; if necessary, use "pci=nocrs" and report a bug
[    0.516149] ACPI: Enabled 2 GPEs in block 00 to 07
[    0.527103] ACPI: PCI Root Bridge [PCI0] (domain 0000 [bus 00-ff])
[    0.528014] acpi PNP0A03:00: _OSC: OS supports [ASPM ClockPM Segments MSI]
[    0.532045] acpi PNP0A03:00: _OSC: not requesting OS control; OS requires [ExtendedConfig ASPM ClockPM MSI]
[    0.536022] acpi PNP0A03:00: fail to add MMCONFIG information, can't access extended PCI configuration space under this bridge.
[    0.540283] PCI host bridge to bus 0000:00
[    0.544007] pci_bus 0000:00: root bus resource [io  0x0000-0x0cf7 window]
[    0.548008] pci_bus 0000:00: root bus resource [io  0x0d00-0xffff window]
[    0.552007] pci_bus 0000:00: root bus resource [mem 0x000a0000-0x000bffff window]
[    0.556007] pci_bus 0000:00: root bus resource [mem 0x80000000-0xfdffffff window]
[    0.560008] pci_bus 0000:00: root bus resource [bus 00-ff]
[    0.565248] pci 0000:00:01.1: legacy IDE quirk: reg 0x10: [io  0x01f0-0x01f7]
[    0.568006] pci 0000:00:01.1: legacy IDE quirk: reg 0x14: [io  0x03f6]
[    0.572017] pci 0000:00:01.1: legacy IDE quirk: reg 0x18: [io  0x0170-0x0177]
[    0.576007] pci 0000:00:01.1: legacy IDE quirk: reg 0x1c: [io  0x0376]
[    0.601345] pci 0000:00:07.0: quirk: [io  0x4000-0x403f] claimed by PIIX4 ACPI
[    0.604014] pci 0000:00:07.0: quirk: [io  0x4100-0x410f] claimed by PIIX4 SMB
[    0.618214] ACPI: PCI Interrupt Link [LNKA] (IRQs 5 9 10 *11)
[    0.620242] ACPI: PCI Interrupt Link [LNKB] (IRQs 5 9 *10 11)
[    0.624112] ACPI: PCI Interrupt Link [LNKC] (IRQs 5 *9 10 11)
[    0.628106] ACPI: PCI Interrupt Link [LNKD] (IRQs 5 9 10 *11)
[    0.632353] SCSI subsystem initialized
[    0.636083] pci 0000:00:02.0: vgaarb: setting as boot VGA device
[    0.640000] pci 0000:00:02.0: vgaarb: VGA device added: decodes=io+mem,owns=io+mem,locks=none
[    0.640010] pci 0000:00:02.0: vgaarb: bridge control possible
[    0.644004] vgaarb: loaded
[    0.648044] ACPI: bus type USB registered
[    0.652042] usbcore: registered new interface driver usbfs
[    0.656030] usbcore: registered new interface driver hub
[    0.660033] usbcore: registered new device driver usb
[    0.664074] EDAC MC: Ver: 3.0.0
[    0.668180] PCI: Using ACPI for IRQ routing
[    0.672220] NetLabel: Initializing
[    0.676004] NetLabel:  domain hash size = 128
[    0.680003] NetLabel:  protocols = UNLABELED CIPSOv4 CALIPSO
[    0.684038] NetLabel:  unlabeled traffic allowed by default
[    0.688086] clocksource: Switched to clocksource kvm-clock
[    0.746950] VFS: Disk quotas dquot_6.6.0
[   0.824159] VFS: Dqotac hshab eri: 2 rder 0, 4096 bytes)
[  1534]pprmor: AppAorilysm abd  1.93] np: PnP ACPI init
[    1.859629] pnp: PnP ACPI: found3 vis
[  2368]losoceac_p: sk0xffff max_cyces 0ffffmaid_n 25702ns
[  2600]ETRestedrocofaly
[    3.321669] TCP established hash table entries: 138 (oder: 5, 131072 bytes
[    3.572773] TCP bind hash table entries: 16384 (order: 6, 262144 bytes)
[    3.85250TC Hshabs nfur (taisd 38 bind 16384)
[    4.364875] UDP hash table entries: 102 (de 33268 bytes)  4.81] P-te hh blenie 14 rd:  368yt)[    5.340630] NET: Regstedrocofaly
  5.46] i 0000:00:00.0: Limiting direct PCI/PCI transfers
[    5.963121] pi 000:.0AcvainISDMha wkarounds
[    6.389160] pci 0000:00:02.0: Video device with shadowedROM at [mem 0x00000-000ff]
[    6.648564] Unpacininitramfs...

[    6.932736] Freeing initrd memory: 19216K
[    6.960454] clocksourc:: tcc  aakk  xxffffffffffffffff max_cycles: 0x32557ae966b, max_ill__ss  440755362299nns
[    7.460874] platform rtc_cmos: registered platform RTC device (no NN  eeiice found)
[    7.623123] Scanniggffor low memory corruption every 60 seconds
[    7.776837] Initialise syseem trusted keyrings
[    7.843097] Key type blacllist regittrred
[    8.003055] workingset: timestmm__biss336 max_order=19 bucket_order=0
[    8.283981]zzuu::llaaded
[   884444663]ssuussff:: vrriion 400 (2009/11331) Phillip Lougher
[    8.810686] fuse init (API version 7.26)
[    8.840046] Key type asymmetric registered
[    8.860563] Asymmetric key parser 'x509' registrrdd

[    8.951407] Block layer SCSI generic (bsg) driver version 0.  ooaded (major 246)
[    9.154470] i  cceeuueer nopp registered
[    9.392895] io scheduler deallnn  eeiittrred
[    9662266]]ii  ccheuuler cfq registered (default)
[    9.894463] ACPI: AC Adapter [AC] (on-line)
[    9.932997] ipptt  ooee  uuttonaa  /dvvccss/LNXSYTT::00LLNXWWBB::00iinpttiipptt
[   10.563094] ACPI: Power Button [PWRF]
[   10.633042] input: llee  uuttnn as /eeiices/LNXSSSTM000/NNXSLPBN:00/input/input1
[   10.982987] ACPI: Sleep Button [SLPF]
[   11.551199  Serial: 8250/16500 drive,,33  oott,, IQQssaaiiggeeaabled
ÿ[   11.55444]]00::22  ttSS0 at I/O 0x3f8 (rr    4, base_baud = 115200) is a 16550A
[   11.968491] Linux agpgart interface v0.103
[   12.035604] loop: mddule loaddd
[   12.113289] scs  hott::aata_piix
[   12.233223] scsi host1: ata_piix
[   12.238820] ata1:PPTT  max UDMA/33 mm  xx1f0 ctl 0xff  mmmm  0xd000 rr  44
[   12.698140] aaa:: PTTA max UDMA333 mm  0x100ccll003366 bmdma 0xd008 irq 15
[   13.103168] libphy: Fiee  DDIOBBus: probdd

[   13.319044] tu::UUiieessllTTUN/TAPddevice drvver, 1.6
[   13.557933  PP  generic drivrr version 2.4.2
[   339933773]eehci_hcd: USB 2.0 'Enhnnced' Host Controller (EHCI) Driver
[   14.170456] ehci-pci: EHCI PCI plttoommddiiver
[   14.322852] ehci-platform: EHC  eeeeric platform driver
[   14.339944  ohci_hcd: USB 1.1 OOee'' Host Controlle  OOCC))DDriver
[   14.888833  hhii-pci: OHCI PCI llttoommddriver
[   15.21287]] ohci-platform: OHCI generi  llttoommddiiver
[   15.770033  hhiihhcd: USB Universal oottCCnnrrlller Interface driver
[   15.862860] i8042: PNP: PS/2 Controlee  PPPP3333:P22,,NN0000::PS2M] at 0x60,0x64 irq 1,12
[   16.263484] serio: i8042 BB  port at 0x60,0x64 irq 1

[   16.472167] eeii::ii0022AAUX port at 066,,xx44iiqq 12
[   16.882898] mousedev: PS/2 mouse deviceccmmoo  oo  lll mice
[   17.223055  nnput: AT Translated Set 2 keyboard as//eeiiee//llttfommii8042ssrroo//nnput/input2

[   17.712388] rtc_cmos rtc_cmos: rtc core: registered rtc_cmos as rtc0
[   17.772333] rtc_cmos rtc_cmos: alarms up to one day, 114 bytes nvram
[   17.852370] i2c /dev entries driver
[   7.90] vi-mpe uen vsi 10.

[   18.328384] device-mapper: ioctl: 4.37.0-ioctl (2017-09-20) initialised: dm-devel@redhat.com
[   18.396561] ledtrig-cpu: registered to indicate activity on CPUs
[   18.418050] NET: Registered protocol family 10
[   18.447072] Segment Routing with IPv6
[   18.460462] NET: Registered protocol family 17
[   18.504365] Key type dns_resolver registered
[   18.544505] mce: Using 0 MCE banks
[   18.588262] RAS: Correctable Errors collector initialized.
[   18.652315] sched_clock: Marking stable (18652290623, 0)->(39376027177, -20723736554)
[   18.734222] registered taskstats version 1
[   18.760409] Loading compiled-in X.509 certificates
[   18.822179] Loaded X.509 cert 'Build time autogenerated kernel key: 12f2d460e247d21dc5d156478bb7d4abc0f5a070'
[   18.882432] zswap: loaded using pool lzo/zbud
[   18.912094] Key type big_key registered
[   18.944235] Key type trusted registered
[   18.985724] Key type encrypted registered
[   19.022850] AppArmor: AppArmor sha1 policy hashing enabled
[   19.064332] ima: No TPM chip found, activating TPM-bypass! (rc=-19)
[   19.137413] ima: Allocated hash algorithm: sha1
[   19.188306] evm: HMAC attrs: 0x1
[   19.228386]   Magic number: 8:230:241
[   19.268108] rtc_cmos rtc_cmos: setting system clock to 2020-10-15 18:15:03 UTC (1602785703)
[   19.340500] BIOS EDD facility v0.16 2004-Jun-25, 0 devices found
[   19.422807] EDD information not available.
[   19.454282] Freeing unused kernel image memory: 2436K
[   19.486124] Write protecting the kernel read-only data: 20480k
[   19.547463] Freeing unused kernel image memory: 2008K
[   19.835944] Freeing unused kernel image memory: 1872K
[   20.368181] x86/mm: Checked W+X mappings: passed, no W+X pages found.
[   20.892811] x86/mm: Checking user space page tables
[   21.407333] x86/mm: Checked W+X mappings: passed, no W+X pages found.
Loading, please wait...
starting version 237
[   21.862060] Fusion MPT base driver 3.04.20
[   21.878856] Copyright (c) 1999-2008 LSI Corporation
[   22.036870] Fusion MPT SPI Host driver 3.04.20
[   22.037418] e1000: Intel(R) PRO/1000 Network Driver - version 7.3.21-k8-NAPI
[   22.128350] e1000: Copyright (c) 1999-2006 Intel Corporation.
[   22.187031] mptbase: ioc0: Initiating bringup
[   22.395048] input: ImExPS/2 Generic Explorer Mouse as /devices/platform/i8042/serio1/input/input4
[   22.395061] AVX2 version of gcm_enc/dec engaged.
[   22.448423] AES CTR mode by8 optimization enabled
[   22.572914] ioc0: LSI53C1030 A0: Capabilities={Initiator}
[   22.956441] scsi host2: ioc0: LSI53C1030 A0, FwRev=00000000h, Ports=1, MaxQ=256, IRQ=20
[   23.732724] scsi 2:0:0:0: Direct-Access     VBOX     HARDDISK         1.0  PQ: 0 ANSI: 5
[   23.772154] scsi target2:0:0: Beginning Domain Validation
[   23.897057] scsi target2:0:0: Domain Validation skipping write tests
[   23.948953] scsi target2:0:0: Ending Domain Validation
[   24.064488] scsi target2:0:0: asynchronous
[   24.091627] e1000 0000:00:03.0 eth0: (PCI:33MHz:32-bit) 02:9d:c8:d0:97:b6
[   24.263206] scsi 2:0:1:0: Direct-Access     VBOX     HARDDISK         1.0  PQ: 0 ANSI: 5
[   24.472851] e1000 0000:00:03.0 eth0: Intel(R) PRO/1000 Network Connection
[   25.124550] e1000 0000:00:03.0 enp0s3: renamed from eth0
[   25.288126] scsi target2:0:1: Beginning Domain Validation
[   25.369669] random: fast init done
[   25.443243] scsi target2:0:1: Domain Validation skipping write tests
[   25.692722] scsi target2:0:1: Ending Domain Validation
[   25.912458] scsi target2:0:1: asynchronous
[   26.115233] random: systemd-udevd: uninitialized urandom read (16 bytes read)
[   26.115339] sd 2:0:0:0: [sda] 20971520 512-byte logical blocks: (10.7 GB/10.0 GiB)
[   26.362839] random: systemd-udevd: uninitialized urandom read (16 bytes read)
[   26.902846] sd 2:0:0:0: [sda] Write Protect is off
[   26.962706] sd 2:0:0:0: Attached scsi generic sg0 type 0
[   26.965278] sd 2:0:0:0: [sda] Incomplete mode parameter data
[   27.062864] sd 2:0:1:0: Attached scsi generic sg1 type 0
[   27.252689] sd 2:0:0:0: [sda] Assuming drive cache: write through
[   27.253126] sd 2:0:1:0: [sdb] 20480 512-byte logical blocks: (10.5 MB/10.0 MiB)
[   27.442775] random: systemd-udevd: uninitialized urandom read (16 bytes read)
[   27.866306] sd 2:0:1:0: [sdb] Write Protect is off
[   27.982299] random: systemd-udevd: uninitialized urandom read (16 bytes read)
[   28.202640] random: systemd-udevd: uninitialized urandom read (16 bytes read)
[   28.682952] sd 2:0:1:0: [sdb] Incomplete mode parameter data
[   28.870075] random: systemd-udevd: uninitialized urandom read (16 bytes read)
[   29.092895] sd 2:0:1:0: [sdb] Assuming drive cache: write through
[   29.242775] random: systemd-udevd: uninitialized urandom read (16 bytes read)
[   29.415736] sd 2:0:1:0: [sdb] Attached SCSI disk
[   29.522824] random: systemd-udevd: uninitialized urandom read (16 bytes read)
[   30.011538] random: systemd-udevd: uninitialized urandom read (16 bytes read)
[   30.182822] random: systemd-udevd: uninitialized urandom read (16 bytes read)
[   30.663588]  sda: sda1
[   30.773742] sd 2:0:0:0: [sda] Attached SCSI disk
Begin: Loading essential drivers ... [   32.532044] raid6: sse2x1   gen() 12853 MB/s
[   32.628044] raid6: sse2x1   xor()  9074 MB/s
[   32.700045] raid6: sse2x2   gen() 15343 MB/s
[   32.792043] raid6: sse2x2   xor()  9908 MB/s
[   32.852045] raid6: sse2x4   gen() 18316 MB/s
[   32.904053] raid6: sse2x4   xor() 11190 MB/s
[   32.980045] raid6: avx2x1   gen() 25081 MB/s
[   33.060037] raid6: avx2x1   xor() 17056 MB/s
[   33.140030] raid6: avx2x2   gen() 29060 MB/s
[   33.236040] raid6: avx2x2   xor() 17696 MB/s
[   33.308051] raid6: avx2x4   gen() 33171 MB/s
[   33.384054] raid6: avx2x4   xor() 20632 MB/s
[   33.432277] raid6: using algorithm avx2x4 gen() 33171 MB/s
[   33.476327] raid6: .... xor() 20632 MB/s, rmw enabled
[   33.524252] raid6: using avx2x2 recovery algorithm
[   33.533508] xor: automatically using best checksumming function   avx       
[   33.736718] async_tx: api initialized (async)
done.
Begin: Running /scripts/init-premount ... done.
Begin: Mounting[   34.006327] Btrfs loaded, crc32c=crc32c-intel
 root file system ... Begin: Running /scripts/local-top ... done.
Begin: Running /scripts/local[   34.090701] EXT4-fs (sda1): mounted filesystem with ordered data mode. Opts: (null)
-premount ... Scanning for Btrfs filesystems
done.
Warning: fsck not present, so skipping root file system
done.
Begin: Running /scripts/local-bottom ... done.
Begin: Running /scripts/init-bottom ... done.
[   34.606531] ip_tables: (C) 2000-2006 Netfilter Core Team
[   34.792920] systemd[1]: systemd 237 running in system mode. (+PAM +AUDIT +SELINUX +IMA +APPARMOR +SMACK +SYSVINIT +UTMP +LIBCRYPTSETUP +GCRYPT +GNUTLS +ACL +XZ +LZ4 +SECCOMP +BLKID +ELFUTILS +KMOD -IDN2 +IDN -PCRE2 default-hierarchy=hybrid)
[   34.870350] systemd[1]: Detected virtualization oracle.
[   35.011978] systemd[1]: Detected architecture x86-64.

Welcome to [1mUbuntu 18.04.5 LTS[0m!

[   35.296835] systemd[1]: Set hostname to <ubuntu>.
[   35.389731] systemd[1]: Initializing machine ID from random generator.
[   35.522609] systemd[1]: Installed transient /etc/machine-id file.
[   36.176982] systemd[1]: Started Forward Password Requests to Wall Directory Watch.
[[0;32m  OK  [0m] Started Forward Password Requests to Wall Directory Watch.
[   36.485800] systemd[1]: Set up automount Arbitrary Executable File Formats File System Automount Point.
[[0;32m  OK  [0m] Set up automount Arbitrary Executabâ€¦rmats File System Automount Point.
[   36.717385] systemd[1]: Reached target User and Group Name Lookups.
[[0;32m  OK  [0m] Reached target User and Group Name Lookups.
[   36.785718] systemd[1]: Created slice User and Session Slice.
[[0;32m  OK  [0m] Created slice User and Session Slice.
[[0;32m  OK  [0m] Created slice System Slice.
[[0;32m  OK  [0m] Listening on Syslog Socket.
[[0;32m  OK  [0m] Listening on LVM2 poll daemon socket.
[[0;32m  OK  [0m] Listening on /dev/initctl Compatibility Named Pipe.
[[0;32m  OK  [0m] Listening on udev Kernel Socket.
[[0;32m  OK  [0m] Listening on udev Control Socket.
[[0;32m  OK  [0m] Listening on Device-mapper event daemon FIFOs.
[[0;32m  OK  [0m] Listening on Journal Audit Socket.
[[0;32m  OK  [0m] Listening on Journal Socket.
         Mounting Kernel Debug File System...
         Starting Remount[   37.419970] EXT4-fs (sda1): re-mounted. Opts: (null)
 Root and Kernel File Systems...
         Mounting POSIX Message Queue File System...
         Starting Uncomplicated firewall...
         Starting Load Kernel Modules...[   37.479672] Loading iSCSI transport class v2.0-870.

         [   37.864695] iscsi: registered transport (tcp)
Starting Create list of required stâ€¦ce nodes for the current k[   37.930427] iscsi: registered transport (iser)
ernel...
[[0;32m  OK  [0m] Reached target System Time Synchronized.
         Starting udev Coldplug all Devices...
[[0;32m  OK  [0m] Created slice system-serial\x2dgetty.slice.
[[0;32m  OK  [0m] Listening on Journal Socket (/dev/log).
         [   38.274781] random: crng init done
Starting Journal Service...
[[0;32m  OK  [0m] Listening on LVM2 metadata daemon socket.
         Starting Monitoring of LVM2 mirrorsâ€¦ng dmeventd or progress polling...
         Mounting Huge Pages File System...
[[0;32m  OK  [0m] Reached target Slices.
[[0;32m  OK  [0m] Listening on Network Service Netlink Socket.
         Starting Set the console keyboard layout...
[[0;32m  OK  [0m] Reached target Swap.
[[0;32m  OK  [0m] Started Journal Service.
[[0;32m  OK  [0m] Mounted Kernel Debug File System.
[[0;32m  OK  [0m] Started Remount Root and Kernel File Systems.
[[0;32m  OK  [0m] Mounted POSIX Message Queue File System.
[[0;32m  OK  [0m] Started Uncomplicated firewall.
[[0;32m  OK  [0m] Started Load Kernel Modules.
[[0;32m  OK  [0m] Started Create list of required staâ€¦vice nodes for the current kernel.
[[0;32m  OK  [0m] Mounted Huge Pages File System.
[[0;32m  OK  [0m] Started Set the console keyboard layout.
[[0;32m  OK  [0m] Started udev Coldplug all Devices.
[[0;32m  OK  [0m] Started LVM2 metadata daemon.
         Starting Create Static Device Nodes in /dev...
         Mounting FUSE Control File System...
         Starting Apply Kernel Variables...
         Mounting Kernel Configuration File System...
         Starting Load/Save Random Seed...
         Starting Flush Journal to Persistent Storage...
[[0;32m  OK  [0m] Started Monitoring of LVM2 mirrors,â€¦sing dmeventd or progress polling.
[[0;32m  OK  [0m] Started Create Static Device Nodes in /dev.
[[0;32m  OK  [0m] Mounted FUSE Control File System.
[[0;32m  OK  [0m] Started Apply Kernel Variables.
[[0;32m  OK  [0m] Mounted Kernel Configuration File System.
[[0;32m  OK  [0m] Started Load/Save Random Seed.
         Starting udev Kernel Device Manager...
[[0;32m  OK  [0m] Reached target Local File Systems (Pre).
[[0;32m  OK  [0m] Reached target Local File Systems.
         Starting Set console font and keymap...
         Starting AppArmor initialization...
         Starting Tell Plymouth To Write Out Runtime Data...
         Starting ebtables ruleset management...
         Starting Commit a transient machine-id on disk...
[[0;32m  OK  [0m] Started udev Kernel Device Manager.
[[0;32m  OK  [0m] Started Flush Journal to Persistent Storage.
[[0;32m  OK  [0m] Started Set console font and keymap.
[[0;32m  OK  [0m] Started Tell Plymouth To Write Out Runtime Data.
[[0;32m  OK  [0m] Started Commit a transient machine-id on disk.
[[0;32m  OK  [0m] Found device /dev/ttyS0.
[[0;32m  OK  [0m] Started ebtables ruleset management.
[[0;32m  OK  [0m] Listening on Load/Save RF Kill Switch Status /dev/rfkill Watch.
         Starting Create Volatile Files and Directories...
[[0;32m  OK  [0m] Started Dispatch Password Requests to Console Directory Watch.
[[0;32m  OK  [0m] Reached target Local Encrypted Volumes.
[[0;32m  OK  [0m] Started Create Volatile Files and Directories.
         Starting Update UTMP about System Boot/Shutdown...
[[0;32m  OK  [0m] Started Update UTMP about System Boot/Shutdown.
[[0;32m  OK  [0m] Started AppArmor initialization.
         Starting Load AppArmor profiles managed internally by snapd...
         Starting Initial cloud-init job (pre-networking)...
[[0;32m  OK  [0m] Started Load AppArmor profiles managed internally by snapd.
[   41.746223] cloud-init[592]: Cloud-init v. 20.3-2-g371b392c-0ubuntu1~18.04.1 running 'init-local' at Thu, 15 Oct 2020 18:15:25 +0000. Up 41.42 seconds.
[[0;32m  OK  [0m] Started Initial cloud-init job (pre-networking).
[[0;32m  OK  [0m] Reached target Network (Pre).
         Starting Network Service...
[[0;32m  OK  [0m] Started Network Service.
         Starting Wait for Network to be Configured...
         Starting Network Name Resolution...
[[0;32m  OK  [0m] Started Network Name Resolution.
[[0;32m  OK  [0m] Reached target Host and Network Name Lookups.
[[0;32m  OK  [0m] Reached target Network.
[[0;32m  OK  [0m] Started Wait for Network to be Configured.
         Starting Initial cloud-init job (metadata service crawler)...
[   43.746374] cloud-init[712]: Cloud-init v. 20.3-2-g371b392c-0ubuntu1~18.04.1 running 'init' at Thu, 15 Oct 2020 18:15:27 +0000. Up 43.63 seconds.
[   43.796192] cloud-init[712]: ci-info: ++++++++++++++++++++++++++++++++++++++Net device info++++++++++++++++++++++++++++++++++++++
[   43.838217] cloud-init[712]: ci-info: +--------+------+----------------------------+---------------+--------+-------------------+
[   43.839270] cloud-init[712]: ci-info: | Device |  Up  |          Address           |      Mask     | Scope  |     Hw-Address    |
[   43.896282] cloud-init[712]: ci-info: +--------+------+----------------------------+---------------+--------+-------------------+
[   43.927013] cloud-init[712]: ci-info: | enp0s3 | True |         10.0.2.15          | 255.255.255.0 | global | 02:9d:c8:d0:97:b6 |
[   43.942140] cloud-init[712]: ci-info: | enp0s3 | True | fe80::9d:c8ff:fed0:97b6/64 |       .       |  link  | 02:9d:c8:d0:97:b6 |
[   43.978969] cloud-init[712]: ci-info: |   lo   | True |         127.0.0.1          |   255.0.0.0   |  host  |         .         |
[   43.981242] cloud-init[712]: ci-info: |   lo   | True |          ::1/128           |       .       |  host  |         .         |
[   44.028208] cloud-init[712]: ci-info: +--------+------+----------------------------+---------------+--------+-------------------+
[   44.092158] cloud-init[712]: ci-info: ++++++++++++++++++++++++++++Route IPv4 info+++++++++++++++++++++++++++++
[   44.126227] cloud-init[712]: ci-info: +-------+-------------+----------+-----------------+-----------+-------+
[   44.192221] cloud-init[712]: ci-info: | Route | Destination | Gateway  |     Genmask     | Interface | Flags |
[   44.213795] cloud-init[712]: ci-info: +-------+-------------+----------+-----------------+-----------+-------+
[   44.290638] cloud-init[712]: ci-info: |   0   |   0.0.0.0   | 10.0.2.2 |     0.0.0.0     |   enp0s3  |   UG  |
[   44.305341] cloud-init[712]: ci-info: |   1   |   10.0.2.0  | 0.0.0.0  |  255.255.255.0  |   enp0s3  |   U   |
[   44.306370] cloud-init[712]: ci-info: |   2   |   10.0.2.2  | 0.0.0.0  | 255.255.255.255 |   enp0s3  |   UH  |
[   44.336211] cloud-init[712]: ci-info: +-------+-------------+----------+-----------------+-----------+-------+
[   44.404249] cloud-init[712]: ci-info: +++++++++++++++++++Route IPv6 info+++++++++++++++++++
[   44.425337] cloud-init[712]: ci-info: +-------+-------------+---------+-----------+-------+
[   44.426150] cloud-init[712]: ci-info: | Route | Destination | Gateway | Interface | Flags |
[   44.446398] cloud-init[712]: ci-info: +-------+-------------+---------+-----------+-------+
[   44.466502] cloud-init[712]: ci-info: |   1   |  fe80::/64  |    ::   |   enp0s3  |   U   |
[   44.479273] cloud-init[712]: ci-info: |   3   |    local    |    ::   |   enp0s3  |   U   |
[   44.480037] cloud-init[712]: ci-info: |   4   |   ff00::/8  |    ::   |   enp0s3  |   U   |
[   44.481917] cloud-init[712]: ci-info: +-------+-------------+---------+-----------+-------+
[   44.616523] cloud-init[712]: Generating public/private rsa key pair.
[[   44.676191] cloud-init[712]: Your identification has been saved in /etc/ssh/ssh_host_rsa_key.
[   44.676367] cloud-init[712]: Your public key has been saved in /etc/ssh/ssh_host_rsa_key.pub.
[   44.676580] cloud-init[712]: The key fingerprint is:
[   44.676801] cloud-init[712]: SHA256:77VS0K0ZdK9MNYtuQ3gUKM8D1rSih5J4dJYYLR9Hm7Y root@ubuntu-bionic
[   44.677023] cloud-init[712]: The key's randomart image is:
[   44.677249] cloud-init[712]: +---[RSA 2048]----+
[   44.677464] cloud-init[712]: |     .. ..o....  |
[0;32m  OK  [0m] Started Initial cloud-init job (metadata service crawler).
[   44.677709] cloud-init[712]: |     .oo.=ooo....|
[[0;32m  OK  [0m[   44.740184] cloud-init[712]: |     oo++==+oo.oo|
[   44.740484] cloud-init[712]: |    o +.+ +=o+o..|
] Reached target System Initialization.
[[0;32m  OK  [0m] Listening on Open-iSCSI iscsid Socket.
[[0;32m  OK  [0m] Started Daily Cleanup of Temporary Directories.
[[0;32m  OK  [0m] Listening on ACPID Listen Socket.
[   44.740667] cloud-init[712]: |   . + oSE .=* . |
[[0;32m  OK  [0m] Listening on UUID daemon activation socket.
[   44.800048] [[0;32m  OK  [0m] Started Daily apt download activities.
cloud-init[712]: |    . . ..  ++o  |
         Starting LXD - unix socket.
[[0;32m  OK  [0m] Started Discard unused blocks once a week.
[   44.812454] cloud-init[712]: |          ..o .  |
         Starting Socket activation for snappy daemon.
[   44.868454] [cloud-init[0;32m  OK  [0m[712]: ] |         ... .   |Started Daily apt upgrade and clean activities.

[[0;32m  OK  [0m] Started Message of the Day.
[   44.873439] [cloud-init[0;32m  OK  [0m[712]: ] |          ...    |Reached target Timers.

[[0;32m  OK  [0m] Listening on D-Bus System Message Bus Socket.
[   44.883611] cloud-init[712]: +----[SHA256]-----+
[[0;32m  OK  [0m] Started ACPI Events Check.
[   44.898661] [cloud-init[0;32m  OK  [0m[712]: ] Generating public/private dsa key pair.Reached target Paths.

[[0;32m  OK  [0m] Reached target Network is Online.
[   44.944774] cloud-init[712]: Your identification has been saved in /etc/ssh/ssh_host_dsa_key.
         Starting Availability of block devices...
[[0;32m  OK  [0m] Reached target Remote File Systems (Pre).
[[0;32m  OK  [0m] Reached target Remote File Systems.
[   44.965436] cloud-init[712]: Your public key has been saved in /etc/ssh/ssh_host_dsa_key.pub.
[[0;32m  OK  [0m] Reached target Cloud-config availability.
[   45.022327] [[0;32m  OK  [0m] Listening on LXD - unix socket.
[[0;32m  OK  [0m] Listening on Socket activation for snappy daemon.
[[0;32m  OK  [0m] Started Availability of block devices.
[[0;32m  OK  [0m] Reached target Sockets.
[[0;32m  OK  [0m] Reached target Basic System.
cloud-init[712]: The key fingerprint is:
[[0;32m  OK  [0m] Started D-Bus System Message Bus.
[   45.044506] cloud-init[712]: SHA256:ozquN4yP8oaut6/ifzccmV87vZwusV491XJkzZ9HNlQ root@ubuntu-bionic
         Starting Permit User Sessions...
[   45.076502] cloud-init[712]: The key's randomart image is:
         Starting Login Service...
[   45.140526] cloud-init[712]: +---[DSA 1024]----+
[[0;32m  OK  [0m] Started Deferred execution scheduler.
[   45.157435] cloud-init[712]: |               .E|
[   45.169808] cloud-init[712]: |              ...|
         Starting Dispatcher daemon for systemd-networkd...
[   45.202556] cloud-init[712]: |               .B|
         [   45.227971] Starting Snap Daemon...cloud-init
[712]: |               ==|
[[   45.263995] cloud-init[712]: |        S     ..*|
[   45.264135] cloud-init[712]: |       = . o  .oo|
[0;32m  OK  [0m] Started FUSE filesystem for LXC.
[   45.264259] cloud-init[712]: | . o  o o . =. o |
[   45.312402] cloud-init[712]: |+ +.=o + . =o.. .|
[[   45.341934] cloud-init[712]: |=OBX*o. . ..+=.  |
[   45.342141] cloud-init[712]: +----[SHA256]-----+
[   45.342351] cloud-init[712]: Generating public/private ecdsa key pair.
[   45.342579] cloud-init[712]: Your identification has been saved in /etc/ssh/ssh_host_ecdsa_key.
[   45.342803] cloud-init[712]: Your public key has been saved in /etc/ssh/ssh_host_ecdsa_key.pub.
[   45.343019] cloud-init[712]: The key fingerprint is:
[0;32m  OK  [0m] Started irqbalance daemon.
[   45.343221] cloud-init[712]: SHA256:jH/qIosYxCJru8mKdu0k61Pq8OU8+Db3HVUeKfrCw0U root@ubuntu-bionic
         [   45.440163] cloud-init[712]: The key's randomart image is:
Starting System Logging Service...
         [   45.468537] Starting LSB: Record successful boot for GRUB...cloud-init
[712]: +---[ECDSA 256]---+
         [   45.494783] Starting Pollinate to seed the pseudo random number generator...cloud-init
[712]: |                 |
         [   45.521493] cloud-init[712]: |                .|
Starting LSB: automatic crash report generation...
         Starting Accounts Service...
[   45.529045] cloud-init[712]: |             E + |
[   45.558972] cloud-init[712]: |.      o    o + .|
[   45.569739] [[0;32m  OK  [0m] Started Regular background program processing daemon.
cloud-init[712]: |oo    . S  . o . |
         [   45.583564] Starting Virtualbox guest utils...cloud-init
[712]: |+.   . .  o +    |
         [   45.604731] Starting LXD - container startup/shutdown...cloud-init
[712]: |oo .=o  . .* .   |
[[   45.642616] cloud-init[712]: |++=*O=.. o. +    |
[0;32m  OK  [0m] Started System Logging Service.
[   45.642808] cloud-init[712]: |*=*=*B+o+. .     |
[   45.651112] cloud-init[712]: +----[SHA256]-----+
[[0;32m  OK  [0m] Started Dispatcher daemon for systemd-networkd.
[   45.651199] cloud-init[712]: Generating public/private ed25519 key pair.
[[0;32m  OK  [0m] Started Permit User Sessions.
[   45.780704] cloud-init[712]: Your identification has been saved in /etc/ssh/ssh_host_ed25519_key.
[[   45.840318] cloud-init[712]: Your public key has been saved in /etc/ssh/ssh_host_ed25519_key.pub.
[   45.840515] cloud-init[712]: The key fingerprint is:
[   45.840737] cloud-init[712]: SHA256:8w1EQSrUZrfUhaE6taXEM+gEGYJj6K7+JaZifZMfKsg root@ubuntu-bionic
[   45.840977] cloud-init[712]: The key's randomart image is:
[   45.841204] cloud-init[712]: +--[ED25519 256]--+
[   45.841441] cloud-init[712]: | . .. ++ .+o.+.  |
[   45.841686] cloud-init[712]: |. +  o..+=o.o    |
[   45.841913] cloud-init[712]: |.. .  .o+oO..    |
[   45.842151] cloud-init[712]: | .     + =.*     |
[   45.842381] cloud-init[712]: |.       S +      |
[   45.842615] cloud-init[712]: | .       + o     |
[   45.842855] cloud-init[712]: |o oo ...  . .    |
[   45.843093] cloud-init[712]: |oEooo+. .        |
[0;32m  OK  [0m] Started LXD - container startup/shutdown.
[   45.844313] cloud-init[712]: |+o..o.o.         |
[   45.937335] cloud-init[712]: +----[SHA256]-----+
[[0;32m  OK  [0m] Started LSB: Record successful boot for GRUB.
[[0;32m  OK  [0m] Started LSB: automatic crash report generation.
[[0;32m  OK  [0m] Started Login Service.
[[0;32m  OK  [0m] Started Virtualbox guest utils.
         Starting Authorization Manager...
[[0;32m  OK  [0m] Started Unattended Upgrades Shutdown.
         Starting Terminate Plymouth Boot Screen...
         Starting Hold until boot process finishes up...
[[0;32m  OK  [0m] Started Snap Daemon.
[[0;32m  OK  [0m] Started Terminate Plymouth Boot Screen.
[[0;32m  OK  [0m] Started Hold until boot process finishes up.
[[0;32m  OK  [0m] Started Authorization Manager.
[[0;32m  OK  [0m] Started Accounts Service.
[[0;32m  OK  [0m] Started Serial Getty on ttyS0.
         Starting Set console scheme...
         Starting Wait until snapd is fully seeded...
[[0;32m  OK  [0m] Started Set console scheme.
[[0;32m  OK  [0m] Created slice system-getty.slice.
[[0;32m  OK  [0m] Started Getty on tty1.
[[0;32m  OK  [0m] Reached target Login Prompts.
[[0;32m  OK  [0m] Started Wait until snapd is fully seeded.
         Starting Apply the settings specified in cloud-config...
[[0;32m  OK  [0m] Started Pollinate to seed the pseudo random number generator.
         Starting OpenBSD Secure Shell server...
[[0;32m  OK  [0m] Started OpenBSD Secure Shell server.
[[0;32m  OK  [0m] Reached target Multi-User System.
[[0;32m  OK  [0m] Reached target Graphical Interface.
         Starting Update UTMP about System Runlevel Changes...
[[0;32m  OK  [0m] Started Update UTMP about System Runlevel Changes.
[[0;32m  OK  [0m] Created slice User Slice of vagrant.
         Starting User Manager for UID 1000...
[[0;32m  OK  [0m] Started Session 1 of user vagrant.
[[0;32m  OK  [0m] Started User Manager for UID 1000.
[   48.536741] cloud-init[1318]: Cloud-init v. 20.3-2-g371b392c-0ubuntu1~18.04.1 running 'modules:config' at Thu, 15 Oct 2020 18:15:32 +0000. Up 48.03 seconds.
[[0;32m  OK  [0m] Started Apply the settings specified in cloud-config.
         Starting Execute cloud user/final scripts...
ci-info: no authorized SSH keys fingerprints found for user ubuntu.
<14>Oct 15 18:15:33 ec2: 
<14>Oct 15 18:15:33 ec2: #############################################################
<14>Oct 15 18:15:33 ec2: -----BEGIN SSH HOST KEY FINGERPRINTS-----
<14>Oct 15 18:15:33 ec2: 1024 SHA256:ozquN4yP8oaut6/ifzccmV87vZwusV491XJkzZ9HNlQ root@ubuntu-bionic (DSA)
<14>Oct 15 18:15:33 ec2: 256 SHA256:jH/qIosYxCJru8mKdu0k61Pq8OU8+Db3HVUeKfrCw0U root@ubuntu-bionic (ECDSA)
<14>Oct 15 18:15:33 ec2: 256 SHA256:8w1EQSrUZrfUhaE6taXEM+gEGYJj6K7+JaZifZMfKsg root@ubuntu-bionic (ED25519)
<14>Oct 15 18:15:33 ec2: 2048 SHA256:77VS0K0ZdK9MNYtuQ3gUKM8D1rSih5J4dJYYLR9Hm7Y root@ubuntu-bionic (RSA)
<14>Oct 15 18:15:33 ec2: -----END SSH HOST KEY FINGERPRINTS-----
<14>Oct 15 18:15:33 ec2: #############################################################
-----BEGIN SSH HOST KEY KEYS-----
ecdsa-sha2-nistp256 AAAAE2VjZHNhLXNoYTItbmlzdHAyNTYAAAAIbmlzdHAyNTYAAABBBDaz9IQmYpx5JorYefkYGU8YrL/PAQNqDdD+Lf8/YIcpBRcL0FchcHkCOUWmoOTeSwCyQz6RmBRQ6Q/WrErAvv4= root@ubuntu-bionic
ssh-ed25519 AAAAC3NzaC1lZDI1NTE5AAAAIMHPbp3u0FiOQope7cM80GOlYzcVyOktEri9sRXLWp1Q root@ubuntu-bionic
ssh-rsa AAAAB3NzaC1yc2EAAAADAQABAAABAQDFH16tJI5S37x+XLqSmAvNpP7GSeFEE/Crg+OIEHPhJACO+ToU1sk+/XN8ftZBdf6YBJJizkj/Ze9jgt2KFj2ESUFh9v+Z+8CGcJn49mKg5P8cF+fYSkCvW8NpclPjnCs3BKbi2GVVkLQrdVkQRSsmSFbURfjR454xG8s7Ss9uGD/r90vxiZ+d5/QoFVMArvJAP81BAdLoPZcmw3JBsVv6EAmnoRXEUTJFMeINCjbXQVY66lFTcchpOy4YsNGY/qQ1nIdHDgEiGuB9JE+eAX+sOLAZwtnbVQ27BPUjo7TaIfv+VbVy2IQ4k9tPoFL9cWCdj5LVlvYjag2BuuUJVG/7 root@ubuntu-bionic
-----END SSH HOST KEY KEYS-----
[   49.603126] cloud-init[1486]: Cloud-init v. 20.3-2-g371b392c-0ubuntu1~18.04.1 running 'modules:final' at Thu, 15 Oct 2020 18:15:33 +0000. Up 48.90 seconds.
[   49.692254] cloud-init[1486]: ci-info: no authorized SSH keys fingerprints found for user ubuntu.
[[   49.717666] cloud-init[1486]: Cloud-init v. 20.3-2-g371b392c-0ubuntu1~18.04.1 finished at Thu, 15 Oct 2020 18:15:33 +0000. Datasource DataSourceNoCloud [seed=/dev/sdb][dsmode=net].  Up 49.59 seconds
[0;32m  OK  [0m] Started Execute cloud user/final scripts.
[[0;32m  OK  [0m] Reached target Cloud-init target.

Ubuntu 18.04.5 LTS ubuntu-bionic ttyS0

ubuntu-bionic login: 