[    0.000000] Linux version 4.15.0-118-generic (buildd@lgw01-amd64-039) (gcc version 7.5.0 (Ubuntu 7.5.0-3ubuntu1~18.04)) #119-Ubuntu SMP Tue Sep 8 12:30:01 UTC 2020 (Ubuntu 4.15.0-118.119-generic 4.15.18)
[    0.000000] Command line: BOOT_IMAGE=/boot/vmlinuz-4.15.0-118-generic root=LABEL=cloudimg-rootfs ro console=tty1 console=ttyS0
[    0.000000] KERNEL supported cpus:
[    0.000000]   Intel GenuineIntel
[    0.000000]   AMD AuthenticAMD
[    0.000000]   Centaur CentaurHauls
[    0.000000] x86/fpu: Supporting XSAVE feature 0x001: 'x87 floating point registers'
[    0.000000] x86/fpu: Supporting XSAVE feature 0x002: 'SSE registers'
[    0.000000] x86/fpu: Supporting XSAVE feature 0x004: 'AVX registers'
[    0.000000] x86/fpu: xstate_offset[2]:  576, xstate_sizes[2]:  256
[    0.000000] x86/fpu: Enabled xstate features 0x7, context size is 832 bytes, using 'standard' format.
[    0.000000] e820: BIOS-provided physical RAM map:
[    0.000000] BIOS-e820: [mem 0x0000000000000000-0x000000000009fbff] usable
[    0.000000] BIOS-e820: [mem 0x000000000009fc00-0x000000000009ffff] reserved
[    0.000000] BIOS-e820: [mem 0x00000000000f0000-0x00000000000fffff] reserved
[    0.000000] BIOS-e820: [mem 0x0000000000100000-0x000000007ffeffff] usable
[    0.000000] BIOS-e820: [mem 0x000000007fff0000-0x000000007fffffff] ACPI data
[    0.000000] BIOS-e820: [mem 0x00000000fec00000-0x00000000fec00fff] reserved
[    0.000000] BIOS-e820: [mem 0x00000000fee00000-0x00000000fee00fff] reserved
[    0.000000] BIOS-e820: [mem 0x00000000fffc0000-0x00000000ffffffff] reserved
[    0.000000] NX (Execute Disable) protection: active
[    0.000000] SMBIOS 2.5 present.
[    0.000000] DMI: innotek GmbH VirtualBox/VirtualBox, BIOS VirtualBox 12/01/2006
[    0.000000] Hypervisor detected: KVM
[    0.000000] e820: last_pfn = 0x7fff0 max_arch_pfn = 0x400000000
[    0.000000] MTRR: Disabled
[    0.000000] x86/PAT: MTRRs disabled, skipping PAT initialization too.
[    0.000000] CPU MTRRs all blank - virtualized system.
[    0.000000] x86/PAT: Configuration [0-7]: WB  WT  UC- UC  WB  WT  UC- UC  
[    0.000000] found SMP MP-table at [mem 0x0009fff0-0x0009ffff]
[    0.000000] Scanning 1 areas for low memory corruption
[    0.000000] RAMDISK: [mem 0x35a65000-0x36d29fff]
[    0.000000] ACPI: Early table checksum verification disabled
[    0.000000] ACPI: RSDP 0x00000000000E0000 000024 (v02 VBOX  )
[    0.000000] ACPI: XSDT 0x000000007FFF0030 00003C (v01 VBOX   VBOXXSDT 00000001 ASL  00000061)
[    0.000000] ACPI: FACP 0x000000007FFF00F0 0000F4 (v04 VBOX   VBOXFACP 00000001 ASL  00000061)
[    0.000000] ACPI: DSDT 0x000000007FFF0470 002325 (v02 VBOX   VBOXBIOS 00000002 INTL 20100528)
[    0.000000] ACPI: FACS 0x000000007FFF0200 000040
[    0.000000] ACPI: FACS 0x000000007FFF0200 000040
[    0.000000] ACPI: APIC 0x000000007FFF0240 00005C (v02 VBOX   VBOXAPIC 00000001 ASL  00000061)
[    0.000000] ACPI: SSDT 0x000000007FFF02A0 0001CC (v01 VBOX   VBOXCPUT 00000002 INTL 20100528)
[    0.000000] No NUMA configuration found
[    0.000000] Faking a node at [mem 0x0000000000000000-0x000000007ffeffff]
[    0.000000] NODE_DATA(0) allocated [mem 0x7ffc5000-0x7ffeffff]
[    0.000000] kvm-clock: cpu 0, msr 0:7ff44001, primary cpu clock
[    0.000000] kvm-clock: Using msrs 4b564d01 and 4b564d00
[    0.000000] kvm-clock: using sched offset of 4553040964 cycles
[    0.000000] clocksource: kvm-clock: mask: 0xffffffffffffffff max_cycles: 0x1cd42e4dffb, max_idle_ns: 881590591483 ns
[    0.000000] Zone ranges:
[    0.000000]   DMA      [mem 0x0000000000001000-0x0000000000ffffff]
[    0.000000]   DMA32    [mem 0x0000000001000000-0x000000007ffeffff]
[    0.000000]   Normal   empty
[    0.000000]   Device   empty
[    0.000000] Movable zone start for each node
[    0.000000] Early memory node ranges
[    0.000000]   node   0: [mem 0x0000000000001000-0x000000000009efff]
[    0.000000]   node   0: [mem 0x0000000000100000-0x000000007ffeffff]
[    0.000000] Reserved but unavailable: 98 pages
[    0.000000] Initmem setup node 0 [mem 0x0000000000001000-0x000000007ffeffff]
[    0.000000] ACPI: PM-Timer IO Port: 0x4008
[    0.000000] IOAPIC[0]: apic_id 2, version 32, address 0xfec00000, GSI 0-23
[    0.000000] ACPI: INT_SRC_OVR (bus 0 bus_irq 0 global_irq 2 dfl dfl)
[    0.000000] ACPI: INT_SRC_OVR (bus 0 bus_irq 9 global_irq 9 low level)
[    0.000000] Using ACPI (MADT) for SMP configuration information
[    0.000000] smpboot: Allowing 2 CPUs, 0 hotplug CPUs
[    0.000000] PM: Registered nosave memory: [mem 0x00000000-0x00000fff]
[    0.000000] PM: Registered nosave memory: [mem 0x0009f000-0x0009ffff]
[    0.000000] PM: Registered nosave memory: [mem 0x000a0000-0x000effff]
[    0.000000] PM: Registered nosave memory: [mem 0x000f0000-0x000fffff]
[    0.000000] e820: [mem 0x80000000-0xfebfffff] available for PCI devices
[    0.000000] Booting paravirtualized kernel on KVM
[    0.000000] clocksource: refined-jiffies: mask: 0xffffffff max_cycles: 0xffffffff, max_idle_ns: 7645519600211568 ns
[    0.000000] random: get_random_bytes called from start_kernel+0x99/0x500 with crng_init=0
[    0.000000] setup_percpu: NR_CPUS:8192 nr_cpumask_bits:2 nr_cpu_ids:2 nr_node_ids:1
[    0.000000] percpu: Embedded 45 pages/cpu s147456 r8192 d28672 u1048576
[    0.000000] PV qspinlock hash table entries: 256 (order: 0, 4096 bytes)
[    0.000000] Built 1 zonelists, mobility grouping on.  Total pages: 515961
[    0.000000] Policy zone: DMA32
[    0.000000] Kernel command line: BOOT_IMAGE=/boot/vmlinuz-4.15.0-118-generic root=LABEL=cloudimg-rootfs ro console=tty1 console=ttyS0
[    0.000000] Memory: 2015220K/2096696K available (12300K kernel code, 2482K rwdata, 4272K rodata, 2436K init, 2724K bss, 81476K reserved, 0K cma-reserved)
[    0.000000] SLUB: HWalign=64, Order=0-3, MinObjects=0, CPUs=2, Nodes=1
[    0.000000] Kernel/User page tables isolation: enabled
[    0.000000] ftrace: allocating 39396 entries in 154 pages
[    0.004000] Hierarchical RCU implementation.
[    0.004000] 	RCU restricting CPUs from NR_CPUS=8192 to nr_cpu_ids=2.
[    0.004000] 	Tasks RCU enabled.
[    0.004000] RCU: Adjusting geometry for rcu_fanout_leaf=16, nr_cpu_ids=2
[    0.004000] NR_IRQS: 524544, nr_irqs: 440, preallocated irqs: 16
[    0.004000] Console: colour VGA+ 80x25
[    0.004000] console [tty1] enabled
[    0.004000] console [ttyS0] enabled
[    0.004000] ACPI: Core revision 20170831
[    0.004000] ACPI: 2 ACPI AML tables successfully acquired and loaded
[    0.004000] APIC: Switch to symmetric I/O mode setup
[    0.004000] x2apic enabled
[    0.004000] Switched APIC routing to physical x2apic.
[    0.006880] ..TIMER: vector=0x30 apic1=0 pin1=2 apic2=-1 pin2=-1
[    0.008008] tsc: Detected 2808.002 MHz processor
[    0.012015] Calibrating delay loop (skipped) preset value.. 5616.00 BogoMIPS (lpj=11232008)
[    0.014481] pid_max: default: 32768 minimum: 301
[    0.016064] Security Framework initialized
[    0.018192] Yama: becoming mindful.
[    0.020059] AppArmor: AppArmor initialized
[    0.024274] Dentry cache hash table entries: 262144 (order: 9, 2097152 bytes)
[    0.032083] Inode-cache hash table entries: 131072 (order: 8, 1048576 bytes)
[    0.036047] Mount-cache hash table entries: 4096 (order: 3, 32768 bytes)
[    0.040022] Mountpoint-cache hash table entries: 4096 (order: 3, 32768 bytes)
[    0.044508] Last level iTLB entries: 4KB 64, 2MB 8, 4MB 8
[    0.046344] Last level dTLB entries: 4KB 64, 2MB 0, 4MB 0, 1GB 4
[    0.048015] Spectre V1 : Mitigation: usercopy/swapgs barriers and __user pointer sanitization
[    0.052009] Spectre V2 : Mitigation: Full generic retpoline
[    0.056012] Spectre V2 : Spectre v2 / SpectreRSB mitigation: Filling RSB on context switch
[    0.059342] Speculative Store Bypass: Vulnerable
[    0.060076] SRBDS: Unknown: Dependent on hypervisor status
[    0.062152] MDS: Mitigation: Clear CPU buffers
[    0.064325] Freeing SMP alternatives memory: 36K
[    0.177507] smpboot: CPU0: Intel(R) Core(TM) i7-6600U CPU @ 2.60GHz (family: 0x6, model: 0x4e, stepping: 0x3)
[    0.180000] Performance Events: unsupported p6 CPU model 78 no PMU driver, software events only.
[    0.180071] Hierarchical SRCU implementation.
[    0.184814] NMI watchdog: Perf event create on CPU 0 failed with -2
[    0.186986] NMI watchdog: Perf NMI watchdog permanently disabled
[    0.188106] smp: Bringing up secondary CPUs ...
[    0.192168] x86: Booting SMP configuration:
[    0.193576] .... node  #0, CPUs:      #1
[    0.004000] kvm-clock: cpu 1, msr 0:7ff44041, secondary cpu clock
[    0.200052] smp: Brought up 1 node, 2 CPUs
[    0.204012] smpboot: Max logical packages: 1
[    0.205621] smpboot: Total of 2 processors activated (11232.00 BogoMIPS)
[    0.208463] devtmpfs: initialized
[    0.212109] x86/mm: Memory block size: 128MB
[    0.216234] evm: security.selinux
[    0.217579] evm: security.SMACK64
[    0.218700] evm: security.SMACK64EXEC
[    0.219888] evm: security.SMACK64TRANSMUTE
[    0.220019] evm: security.SMACK64MMAP
[    0.224009] evm: security.apparmor
[    0.228008] evm: security.ima
[    0.229022] evm: security.capability
[    0.232048] clocksource: jiffies: mask: 0xffffffff max_cycles: 0xffffffff, max_idle_ns: 7645041785100000 ns
[    0.234745] futex hash table entries: 512 (order: 3, 32768 bytes)
[    0.236067] pinctrl core: initialized pinctrl subsystem
[    0.238811] RTC time: 10:23:10, date: 10/14/20
[    0.240241] NET: Registered protocol family 16
[    0.242114] audit: initializing netlink subsys (disabled)
[    0.244070] audit: type=2000 audit(1602670996.457:1): state=initialized audit_enabled=0 res=1
[    0.248030] cpuidle: using governor ladder
[    0.249180] cpuidle: using governor menu
[    0.250934] ACPI: bus type PCI registered
[    0.252025] acpiphp: ACPI Hot Plug PCI Controller Driver version: 0.5
[    0.256189] PCI: Using configuration type 1 for base access
[    0.263719] HugeTLB registered 2.00 MiB page size, pre-allocated 0 pages
[    0.268162] ACPI: Added _OSI(Module Device)
[    0.269654] ACPI: Added _OSI(Processor Device)
[    0.272011] ACPI: Added _OSI(3.0 _SCP Extensions)
[    0.274020] ACPI: Added _OSI(Processor Aggregator Device)
[    0.276028] ACPI: Added _OSI(Linux-Dell-Video)
[    0.276028] ACPI: Added _OSI(Linux-Lenovo-NV-HDMI-Audio)
[    0.276028] ACPI: Added _OSI(Linux-HPI-Hybrid-Graphics)
[    0.278373] ACPI: Executed 1 blocks of module-level executable AML code
[    0.290113] ACPI: Interpreter enabled
[    0.291431] ACPI: (supports S0 S5)
[    0.292008] ACPI: Using IOAPIC for interrupt routing
[    0.293946] PCI: Using host bridge windows from ACPI; if necessary, use "pci=nocrs" and report a bug
[    0.296339] ACPI: Enabled 2 GPEs in block 00 to 07
[    0.313005] ACPI: PCI Root Bridge [PCI0] (domain 0000 [bus 00-ff])
[    0.315084] acpi PNP0A03:00: _OSC: OS supports [ASPM ClockPM Segments MSI]
[    0.321261] acpi PNP0A03:00: _OSC: not requesting OS control; OS requires [ExtendedConfig ASPM ClockPM MSI]
[    0.324028] acpi PNP0A03:00: fail to add MMCONFIG information, can't access extended PCI configuration space under this bridge.
[    0.328844] PCI host bridge to bus 0000:00
[    0.330348] pci_bus 0000:00: root bus resource [io  0x0000-0x0cf7 window]
[    0.330447] pci_bus 0000:00: root bus resource [io  0x0d00-0xffff window]
[    0.336011] pci_bus 0000:00: root bus resource [mem 0x000a0000-0x000bffff window]
[    0.340013] pci_bus 0000:00: root bus resource [mem 0x80000000-0xfdffffff window]
[    0.344010] pci_bus 0000:00: root bus resource [bus 00-ff]
[    0.347768] pci 0000:00:01.1: legacy IDE quirk: reg 0x10: [io  0x01f0-0x01f7]
[    0.352012] pci 0000:00:01.1: legacy IDE quirk: reg 0x14: [io  0x03f6]
[    0.356014] pci 0000:00:01.1: legacy IDE quirk: reg 0x18: [io  0x0170-0x0177]
[    0.364012] pci 0000:00:01.1: legacy IDE quirk: reg 0x1c: [io  0x0376]
[    0.415260] pci 0000:00:07.0: quirk: [io  0x4000-0x403f] claimed by PIIX4 ACPI
[    0.420030] pci 0000:00:07.0: quirk: [io  0x4100-0x410f] claimed by PIIX4 SMB
[    0.435040] ACPI: PCI Interrupt Link [LNKA] (IRQs 5 9 10 *11)
[    0.440710] ACPI: PCI Interrupt Link [LNKB] (IRQs 5 9 *10 11)
[    0.440710] ACPI: PCI Interrupt Link [LNKC] (IRQs 5 *9 10 11)
[    0.442529] ACPI: PCI Interrupt Link [LNKD] (IRQs 5 9 10 *11)
[    0.448532] SCSI subsystem initialized
[    0.449721] pci 0000:00:02.0: vgaarb: setting as boot VGA device
[    0.449953] pci 0000:00:02.0: vgaarb: VGA device added: decodes=io+mem,owns=io+mem,locks=none
[    0.452017] pci 0000:00:02.0: vgaarb: bridge control possible
[    0.454791] vgaarb: loaded
[    0.460185] ACPI: bus type USB registered
[    0.460185] usbcore: registered new interface driver usbfs
[    0.461820] usbcore: registered new interface driver hub
[    0.464008] usbcore: registered new device driver usb
[    0.468044] EDAC MC: Ver: 3.0.0
[    0.469244] PCI: Using ACPI for IRQ routing
[    0.469244] NetLabel: Initializing
[    0.470801] NetLabel:  domain hash size = 128
[    0.472008] NetLabel:  protocols = UNLABELED CIPSOv4 CALIPSO
[    0.476006] NetLabel:  unlabeled traffic allowed by default
[    0.476140] clocksource: Switched to clocksource kvm-clock
[    0.505430] VFS: Disk quotas dquot_6.6.0
[    0.506752] VFS: Dquot-cache hash table entries: 512 (order 0, 4096 bytes)
[    0.509266] AppArmor: AppArmor Filesystem Enabled
[    0.510897] pnp: PnP ACPI init
[    0.514020] pnp: PnP ACPI: found 3 devices
[    0.529329] clocksource: acpi_pm: mask: 0xffffff max_cycles: 0xffffff, max_idle_ns: 2085701024 ns
[    0.531948] NET: Registered protocol family 2
[    0.533844] TCP established hash table entries: 16384 (order: 5, 131072 bytes)
[    0.536907] TCP bind hash table entries: 16384 (order: 6, 262144 bytes)
[    0.539217] TCP: Hash tables configured (established 16384 bind 16384)
[    0.545112] UDP hash table entries: 1024 (order: 3, 32768 bytes)
[    0.547088] UDP-Lite hash table entries: 1024 (order: 3, 32768 bytes)
[    0.549304] NET: Registered protocol family 1
[    0.550985] pci 0000:00:00.0: Limiting direct PCI/PCI transfers
[    0.553989] pci 0000:00:01.0: Activating ISA DMA hang workarounds
[    0.555951] pci 0000:00:02.0: Video device with shadowed ROM at [mem 0x000c0000-0x000dffff]
[    0.559267] Unpacking initramfs...
[    1.067841] Freeing initrd memory: 19220K
[    1.070551] clocksource: tsc: mask: 0xffffffffffffffff max_cycles: 0x2879c7f065b, max_idle_ns: 440795303690 ns
[    1.073838] platform rtc_cmos: registered platform RTC device (no PNP device found)
[    1.076336] Scanning for low memory corruption every 60 seconds
[    1.079255] Initialise system trusted keyrings
[    1.081006] Key type blacklist registered
[    1.082786] workingset: timestamp_bits=36 max_order=19 bucket_order=0
[    1.087049] zbud: loaded
[    1.089133] squashfs: version 4.0 (2009/01/31) Phillip Lougher
[    1.091607] fuse init (API version 7.26)
[    1.096557] Key type asymmetric registered
[    1.097872] Asymmetric key parser 'x509' registered
[    1.099438] Block layer SCSI generic (bsg) driver version 0.4 loaded (major 246)
[    1.102620] io scheduler noop registered
[    1.104288] io scheduler deadline registered
[    1.105990] io scheduler cfq registered (default)
[    1.107981] ACPI: AC Adapter [AC] (on-line)
[    1.109651] input: Power Button as /devices/LNXSYSTM:00/LNXPWRBN:00/input/input0
[    1.112105] ACPI: Power Button [PWRF]
[    1.113707] input: Sleep Button as /devices/LNXSYSTM:00/LNXSLPBN:00/input/input1
[    1.116045] ACPI: Sleep Button [SLPF]
[    1.120609] Serial: 8250/16550 driver, 32 ports, IRQ sharing enabled
[    1.120769] ACPI: Battery Slot [BAT0] (battery present)
[    1.146939] 00:02: ttyS0 at I/O 0x3f8 (irq = 4, base_baud = 115200) is a 16550A
[    1.154435] Linux agpgart interface v0.103
[    1.162274] loop: module loaded
[    1.164676] scsi host0: ata_piix
[    1.166323] scsi host1: ata_piix
[    1.167661] ata1: PATA max UDMA/33 cmd 0x1f0 ctl 0x3f6 bmdma 0xd000 irq 14
[    1.171828] ata2: PATA max UDMA/33 cmd 0x170 ctl 0x376 bmdma 0xd008 irq 15
[    1.174774] libphy: Fixed MDIO Bus: probed
[    1.176338] tun: Universal TUN/TAP device driver, 1.6
[    1.178315] PPP generic driver version 2.4.2
[    1.180005] ehci_hcd: USB 2.0 'Enhanced' Host Controller (EHCI) Driver
[    1.182052] ehci-pci: EHCI PCI platform driver
[    1.183558] ehci-platform: EHCI generic platform driver
[    1.186356] ohci_hcd: USB 1.1 'Open' Host Controller (OHCI) Driver
[    1.189146] ohci-pci: OHCI PCI platform driver
[    1.190985] ohci-platform: OHCI generic platform driver
[    1.192647] uhci_hcd: USB Universal Host Controller Interface driver
[    1.194723] i8042: PNP: PS/2 Controller [PNP0303:PS2K,PNP0f03:PS2M] at 0x60,0x64 irq 1,12
[    1.198407] serio: i8042 KBD port at 0x60,0x64 irq 1
[    1.200584] serio: i8042 AUX port at 0x60,0x64 irq 12
[    1.203750] mousedev: PS/2 mouse device common for all mice
[    1.207391] input: AT Translated Set 2 keyboard as /devices/platform/i8042/serio0/input/input2
[    1.211277] rtc_cmos rtc_cmos: rtc core: registered rtc_cmos as rtc0
[    1.215019] rtc_cmos rtc_cmos: alarms up to one day, 114 bytes nvram
[    1.218027] i2c /dev entries driver
[    1.220307] device-mapper: uevent: version 1.0.3
[    1.222044] device-mapper: ioctl: 4.37.0-ioctl (2017-09-20) initialised: dm-devel@redhat.com
[    1.225158] ledtrig-cpu: registered to indicate activity on CPUs
[    1.228077] NET: Registered protocol family 10
[    1.239706] Segment Routing with IPv6
[    1.241184] NET: Registered protocol family 17
[    1.242728] Key type dns_resolver registered
[    1.245052] mce: Using 0 MCE banks
[    1.246265] RAS: Correctable Errors collector initialized.
[    1.248098] sched_clock: Marking stable (1245002900, 0)->(1619876553, -374873653)
[    1.254939] registered taskstats version 1
[    1.256423] Loading compiled-in X.509 certificates
[    1.261802] Loaded X.509 cert 'Build time autogenerated kernel key: 12f2d460e247d21dc5d156478bb7d4abc0f5a070'
[    1.265463] zswap: loaded using pool lzo/zbud
[    1.274364] Key type big_key registered
[    1.276140] Key type trusted registered
[    1.280545] Key type encrypted registered
[    1.281864] AppArmor: AppArmor sha1 policy hashing enabled
[    1.283832] ima: No TPM chip found, activating TPM-bypass! (rc=-19)
[    1.287309] ima: Allocated hash algorithm: sha1
[    1.289084] evm: HMAC attrs: 0x1
[    1.290785]   Magic number: 8:957:375
[    1.292433] rtc_cmos rtc_cmos: setting system clock to 2020-10-14 10:23:11 UTC (1602670991)
[    1.295581] BIOS EDD facility v0.16 2004-Jun-25, 0 devices found
[    1.297788] EDD information not available.
[    1.456245] Freeing unused kernel image memory: 2436K
[    1.468500] Write protecting the kernel read-only data: 20480k
[    1.471608] Freeing unused kernel image memory: 2008K
[    1.473703] Freeing unused kernel image memory: 1872K
[    1.490698] x86/mm: Checked W+X mappings: passed, no W+X pages found.
[    1.492835] x86/mm: Checking user space page tables
[    1.507593] x86/mm: Checked W+X mappings: passed, no W+X pages found.
Loading, please wait...
starting version 237
[    1.638903] e1000: Intel(R) PRO/1000 Network Driver - version 7.3.21-k8-NAPI
[    1.641760] e1000: Copyright (c) 1999-2006 Intel Corporation.
[    1.647413] Fusion MPT base driver 3.04.20
[    1.648864] Copyright (c) 1999-2008 LSI Corporation
[    1.722963] AVX2 version of gcm_enc/dec engaged.
[    1.725009] AES CTR mode by8 optimization enabled
[    1.742404] Fusion MPT SPI Host driver 3.04.20
[    1.913535] input: ImExPS/2 Generic Explorer Mouse as /devices/platform/i8042/serio1/input/input4
[    2.198295] e1000 0000:00:03.0 eth0: (PCI:33MHz:32-bit) 02:7d:29:b6:4b:3c
[    2.201996] e1000 0000:00:03.0 eth0: Intel(R) PRO/1000 Network Connection
[    2.206837] e1000 0000:00:03.0 enp0s3: renamed from eth0
[    2.208088] mptbase: ioc0: Initiating bringup
[    2.308999] ioc0: LSI53C1030 A0: Capabilities={Initiator}
[    2.551988] scsi host2: ioc0: LSI53C1030 A0, FwRev=00000000h, Ports=1, MaxQ=256, IRQ=20
[    2.720613] scsi 2:0:0:0: Direct-Access     VBOX     HARDDISK         1.0  PQ: 0 ANSI: 5
[    3.083710] scsi target2:0:0: Beginning Domain Validation
[    3.087125] scsi target2:0:0: Domain Validation skipping write tests
[    3.089060] scsi target2:0:0: Ending Domain Validation
[    3.090776] scsi target2:0:0: asynchronous
[    3.092707] scsi 2:0:1:0: Direct-Access     VBOX     HARDDISK         1.0  PQ: 0 ANSI: 5
[    3.550483] scsi target2:0:1: Beginning Domain Validation
[    3.553250] random: fast init done
[    3.555522] scsi target2:0:1: Domain Validation skipping write tests
[    3.557648] scsi target2:0:1: Ending Domain Validation
[    3.559505] scsi target2:0:1: asynchronous
[    3.567892] random: systemd-udevd: uninitialized urandom read (16 bytes read)
[    3.570465] random: systemd-udevd: uninitialized urandom read (16 bytes read)
[    3.572960] random: systemd-udevd: uninitialized urandom read (16 bytes read)
[    3.575698] sd 2:0:0:0: [sda] 20971520 512-byte logical blocks: (10.7 GB/10.0 GiB)
[    3.578192] sd 2:0:0:0: [sda] Write Protect is off
[    3.579778] sd 2:0:0:0: Attached scsi generic sg0 type 0
[    3.582663] sd 2:0:0:0: [sda] Incomplete mode parameter data
[    3.585096] sd 2:0:0:0: [sda] Assuming drive cache: write through
[    3.585826] sd 2:0:1:0: Attached scsi generic sg1 type 0
[    3.590296] sd 2:0:1:0: [sdb] 20480 512-byte logical blocks: (10.5 MB/10.0 MiB)
[    3.593685] sd 2:0:1:0: [sdb] Write Protect is off
[    3.595954] sd 2:0:1:0: [sdb] Incomplete mode parameter data
[    3.599734] sd 2:0:1:0: [sdb] Assuming drive cache: write through
[    3.600921]  sda: sda1
[    3.604250] sd 2:0:0:0: [sda] Attached SCSI disk
[    3.608802] sd 2:0:1:0: [sdb] Attached SCSI disk
Begin: Loading essential drivers ... [    5.516091] raid6: sse2x1   gen()  4988 MB/s
[    5.564255] raid6: sse2x1   xor()  4430 MB/s
[    5.612175] raid6: sse2x2   gen()  9194 MB/s
[    5.660057] raid6: sse2x2   xor()  6090 MB/s
[    5.708415] raid6: sse2x4   gen()  8129 MB/s
[    5.756293] raid6: sse2x4   xor()  6138 MB/s
[    5.804157] raid6: avx2x1   gen() 13337 MB/s
[    5.852054] raid6: avx2x1   xor()  9189 MB/s
[    5.900307] raid6: avx2x2   gen() 11902 MB/s
[    5.948091] raid6: avx2x2   xor()  8573 MB/s
[    5.996403] raid6: avx2x4   gen() 14774 MB/s
[    6.044042] raid6: avx2x4   xor()  9198 MB/s
[    6.045569] raid6: using algorithm avx2x4 gen() 14774 MB/s
[    6.048098] raid6: .... xor() 9198 MB/s, rmw enabled
[    6.050655] raid6: using avx2x2 recovery algorithm
[    6.055338] xor: automatically using best checksumming function   avx       
[    6.059266] async_tx: api initialized (async)
done.
Begin: Running /scripts/init-premount ... done.
Begin: Mounting root file system ... Begin: Running /scripts/local-top ... done.
Begin: Running /scripts/local-premount ... [    6.132879] Btrfs loaded, crc32c=crc32c-intel
Scanning for Btrfs filesystems
done.
Warning: fsck not present, so skipping root file system
[    6.185618] EXT4-fs (sda1): mounted filesystem with ordered data mode. Opts: (null)
done.
Begin: Running /scripts/local-bottom ... done.
Begin: Running /scripts/init-bottom ... done.
[    6.389733] ip_tables: (C) 2000-2006 Netfilter Core Team
[    6.404251] systemd[1]: systemd 237 running in system mode. (+PAM +AUDIT +SELINUX +IMA +APPARMOR +SMACK +SYSVINIT +UTMP +LIBCRYPTSETUP +GCRYPT +GNUTLS +ACL +XZ +LZ4 +SECCOMP +BLKID +ELFUTILS +KMOD -IDN2 +IDN -PCRE2 default-hierarchy=hybrid)
[    6.410459] systemd[1]: Detected virtualization oracle.
[    6.411740] systemd[1]: Detected architecture x86-64.

Welcome to [1mUbuntu 18.04.5 LTS[0m!

[    6.421509] systemd[1]: Set hostname to <ubuntu>.
[    6.427296] systemd[1]: Initializing machine ID from random generator.
[    6.429173] systemd[1]: Installed transient /etc/machine-id file.
[    6.765536] systemd[1]: Reached target Swap.
[[0;32m  OK  [0m] Reached target Swap.
[    6.768567] systemd[1]: Set up automount Arbitrary Executable File Formats File System Automount Point.
[[0;32m  OK  [0m] Set up automount Arbitrary Executabâ€¦rmats File System Automount Point.
[    6.773753] systemd[1]: Reached target User and Group Name Lookups.
[[0;32m  OK  [0m] Reached target User and Group Name Lookups.
[    6.777143] systemd[1]: Reached target System Time Synchronized.
[[0;32m  OK  [0m] Reached target System Time Synchronized.
[[0;32m  OK  [0m] Created slice User and Session Slice.
[[0;32m  OK  [0m] Created slice System Slice.
[[0;32m  OK  [0m] Listening on LVM2 metadata daemon socket.
[[0;32m  OK  [0m] Listening on Journal Socket.
         Mounting Kernel Debug File System...
         Starting Create list of required stâ€¦ce nodes for the current kernel...
[[0;32m  OK  [0m] Listening on LVM2 poll daemon socket.
[[0;32m  OK  [0m] Reached target Slices.
[[0;32m  OK  [0m] Listening on Journal Audit Socket.
         Mounting POSIX Message Queue File System...
[[0;32m  OK  [0m] Listening on udev Kernel Socket.
[[0;32m  OK  [0m] Listening on /dev/initctl Compatibility Named Pipe.
[[0;32m  OK  [0m] Created slice system-serial\x2dgetty.slice.
         Starting Uncomplicated firewall...
[[0;32m  OK  [0m] Listening on Device-mapper event daemon FIFOs.
         Starting Monitoring of LVM2 mirrorsâ€¦ng dmeventd or progress polling...
         Starting Set the console keyboard layout...
[[0;32m  OK  [0m] Listening on Network Service Netlink Socket.
         Starting Remount Root and Kernel File Systems...
         Mounting Huge Pages File System...
[[0;32m  OK  [0m] Listening on udev Control Socket.
         Starting udev Coldplug all Devices...
[[0;32m  OK  [0m] Started Forward Password Requests to Wall Directory Watch.
[[0;32m  OK  [0m] Listening on Journal Socket (/dev/log).
[[0;32m  OK  [0m] Listening on Syslog Socket.
         Starting Journal Service...
         Starting Load Kernel Modules...
[[0;32m  OK  [0m] Mounted Kernel Debug File System.
[[0;32m  OK  [0m] Started Create list of required staâ€¦vice nodes for the current kernel.
[[0;32m  OK  [0m] Mounted POSIX Message Queue File System.
[[0;32m  OK  [0m] Started Uncomplicated firewall.
[[0;32m  OK  [0m] Mounted Huge Pages File System.
[[0;32m  OK  [0m] Started LVM2 metadata daemon.
[    6.928117] EXT4-fs (sda1): re-mounted. Opts: (null)
         Starting Create Static Device Nodes in /dev...
[[0;32m  OK  [0m] Started Remount Root and Kernel File Systems.
         Starting Load/Save Random Seed...
[[0;32m  OK  [0m] Started Journal Service.
[    7.002555] Loading iSCSI transport class v2.0-870.
[[0;32m  OK  [0m] Started udev Coldplug all Devices.
[    7.012799] iscsi: registered transport (tcp)
[[0;32m  OK  [0m] Started Create Static Device Nodes in /dev.
         Starting udev Kernel Device Manager...
         Starting Flush Journal to Persistent Storage...
[[0;32m  OK  [0m] Started Load/Save Random Seed.
[    7.066440] systemd-journald[405]: Received request to flush runtime journal from PID 1
[[0;32m  OK  [0m] Started udev Kernel Device Manager.
[[0;32m  OK  [0m] Started Monitoring of LVM2 mirrors,â€¦sing dmeventd or progress polling.
[    7.166852] iscsi: registered transport (iser)
[[0;32m  OK  [0m] Started Load Kernel Modules.
         Mounting Kernel Configuration File System...
         Starting Apply Kernel Variables...
         Mounting FUSE Control File System...
[[0;32m  OK  [0m] Mounted FUSE Control File System.
[[0;32m  OK  [0m] Mounted Kernel Configuration File System.
[[0;32m  OK  [0m] Started Apply Kernel Variables.
[[0;32m  OK  [0m] Started Flush Journal to Persistent Storage.
[[0;32m  OK  [0m] Started Set the console keyboard layout.
[[0;32m  OK  [0m] Started Dispatch Password Requests to Console Directory Watch.
[[0;32m  OK  [0m] Reached target Local Encrypted Volumes.
[[0;32m  OK  [0m] Reached target Local File Systems (Pre).
[[0;32m  OK  [0m] Reached target Local File Systems.
         Starting Tell Plymouth To Write Out Runtime Data...
         Starting Set console font and keymap...
         Starting Commit a transient machine-id on disk...
         Starting ebtables ruleset management...
         Starting AppArmor initialization...
         Starting Create Volatile Files and Directories...
[[0;32m  OK  [0m] Started Tell Plymouth To Write Out Runtime Data.
[[0;32m  OK  [0m] Started Set console font and keymap.
[[0;32m  OK  [0m] Started Create Volatile Files and Directories.
         Starting Update UTMP about System Boot/Shutdown...
[[0;32m  OK  [0m] Started Update UTMP about System Boot/Shutdown.
[[0;32m  OK  [0m] Started Commit a transient machine-id on disk.
[[0;32m  OK  [0m] Started ebtables ruleset management.
[[0;32m  OK  [0m] Found device /dev/ttyS0.
[[0;32m  OK  [0m] Listening on Load/Save RF Kill Switch Status /dev/rfkill Watch.
[[0;32m  OK  [0m] Started AppArmor initialization.
         Starting Initial cloud-init job (pre-networking)...
         Starting Load AppArmor profiles managed internally by snapd...
[[0;32m  OK  [0m] Started Load AppArmor profiles managed internally by snapd.
[   12.825290] cloud-init[558]: Cloud-init v. 20.3-2-g371b392c-0ubuntu1~18.04.1 running 'init-local' at Wed, 14 Oct 2020 10:23:22 +0000. Up 12.08 seconds.
[[0;32m  OK  [0m] Started Initial cloud-init job (pre-networking).
[[0;32m  OK  [0m] Reached target Network (Pre).
         Starting Network Service...
[[0;32m  OK  [0m] Started Network Service.
         Starting Wait for Network to be Configured...
         Starting Network Name Resolution...
[[0;32m  OK  [0m] Started Network Name Resolution.
[[0;32m  OK  [0m] Reached target Network.
[[0;32m  OK  [0m] Reached target Host and Network Name Lookups.
[[0;32m  OK  [0m] Started Wait for Network to be Configured.
         Starting Initial cloud-init job (metadata service crawler)...
[   16.162208] cloud-init[692]: Cloud-init v. 20.3-2-g371b392c-0ubuntu1~18.04.1 running 'init' at Wed, 14 Oct 2020 10:23:26 +0000. Up 15.79 seconds.
[   16.164757] cloud-init[692]: ci-info: ++++++++++++++++++++++++++++++++++++++Net device info++++++++++++++++++++++++++++++++++++++
[   16.167040] cloud-init[692]: ci-info: +--------+------+----------------------------+---------------+--------+-------------------+
[   16.169672] cloud-init[692]: ci-info: | Device |  Up  |          Address           |      Mask     | Scope  |     Hw-Address    |
[   16.180301] cloud-init[692]: ci-info: +--------+------+----------------------------+---------------+--------+-------------------+
[   16.182260] cloud-init[692]: ci-info: | enp0s3 | True |         10.0.2.15          | 255.255.255.0 | global | 02:7d:29:b6:4b:3c |
[   16.184484] cloud-init[692]: ci-info: | enp0s3 | True | fe80::7d:29ff:feb6:4b3c/64 |       .       |  link  | 02:7d:29:b6:4b:3c |
[   16.186615] cloud-init[692]: ci-info: |   lo   | True |         127.0.0.1          |   255.0.0.0   |  host  |         .         |
[   16.190131] cloud-init[692]: ci-info: |   lo   | True |          ::1/128           |       .       |  host  |         .         |
[   16.191780] cloud-init[692]: ci-info: +--------+------+----------------------------+---------------+--------+-------------------+
[   16.193708] cloud-init[692]: ci-info: ++++++++++++++++++++++++++++Route IPv4 info+++++++++++++++++++++++++++++
[   16.208884] cloud-init[692]: ci-info: +-------+-------------+----------+-----------------+-----------+-------+
[   16.211329] cloud-init[692]: ci-info: | Route | Destination | Gateway  |     Genmask     | Interface | Flags |
[   16.212817] cloud-init[692]: ci-info: +-------+-------------+----------+-----------------+-----------+-------+
[   16.215110] cloud-init[692]: ci-info: |   0   |   0.0.0.0   | 10.0.2.2 |     0.0.0.0     |   enp0s3  |   UG  |
[   16.217494] cloud-init[692]: ci-info: |   1   |   10.0.2.0  | 0.0.0.0  |  255.255.255.0  |   enp0s3  |   U   |
[   16.219721] cloud-init[692]: ci-info: |   2   |   10.0.2.2  | 0.0.0.0  | 255.255.255.255 |   enp0s3  |   UH  |
[   16.223613] cloud-init[692]: ci-info: +-------+-------------+----------+-----------------+-----------+-------+
[   16.226047] cloud-init[692]: ci-info: +++++++++++++++++++Route IPv6 info+++++++++++++++++++
[   16.228207] cloud-init[692]: ci-info: +-------+-------------+---------+-----------+-------+
[   16.230204] cloud-init[692]: ci-info: | Route | Destination | Gateway | Interface | Flags |
[   16.232331] cloud-init[692]: ci-info: +-------+-------------+---------+-----------+-------+
[   16.244714] cloud-init[692]: ci-info: |   1   |  fe80::/64  |    ::   |   enp0s3  |   U   |
[   16.246016] cloud-init[692]: ci-info: |   3   |    local    |    ::   |   enp0s3  |   U   |
[   16.247566] cloud-init[692]: ci-info: |   4   |   ff00::/8  |    ::   |   enp0s3  |   U   |
[   16.249222] cloud-init[692]: ci-info: +-------+-------------+---------+-----------+-------+
[   17.025400] cloud-init[692]: Generating public/private rsa key pair.
[   17.027062] cloud-init[692]: Your identification has been saved in /etc/ssh/ssh_host_rsa_key.
[   17.030192] cloud-init[692]: Your public key has been saved in /etc/ssh/ssh_host_rsa_key.pub.
[   17.034040] cloud-init[692]: The key fingerprint is:
[   17.035508] cloud-init[692]: SHA256:ZxkSIR3e5TQtuTPoYks0wIhZf3bct44CGXxcRLD+g9A root@ubuntu-bionic
[   17.039422] cloud-init[692]: The key's randomart image is:
[   17.041090] cloud-init[692]: +---[RSA 2048]----+
[   17.042446] cloud-init[692]: |   +.o..+o.+Bo   |
[   17.043780] cloud-init[692]: |  o ..o+.= Bo..  |
[   17.046028] cloud-init[692]: |      ..B O.oo.  |
[   17.047556] cloud-init[692]: |       ooO.o+. . |
[   17.049038] cloud-init[692]: |       .SoE  o.  |
[   17.050440] cloud-init[692]: |        +=.o o   |
[   17.052372] cloud-init[692]: |       o oo + .  |
[   17.055093] cloud-init[692]: |        .  . .   |
[   17.056474] cloud-init[692]: |                 |
[   17.057840] cloud-init[692]: +----[SHA256]-----+
[   17.059238] cloud-init[692]: Generating public/private dsa key pair.
[   17.061311] cloud-init[692]: Your identification has been saved in /etc/ssh/ssh_host_dsa_key.
[   17.063246] cloud-init[692]: Your public key has been saved in /etc/ssh/ssh_host_dsa_key.pub.
[   17.065741] cloud-init[692]: The key fingerprint is:
[   17.067078] cloud-init[692]: SHA256:Uu5BP7hY8fTOII5acCOm7XQU4I3e5p1GGcqFKaN0UhU root@ubuntu-bionic
[   17.069542] cloud-init[692]: The key's randomart image is:
[   17.084880] cloud-init[692]: +---[DSA 1024]----+
[   17.086280] cloud-init[692]: |    o.E.         |
[   17.088653] cloud-init[692]: |   o + o         |
[   17.090127] cloud-init[692]: |  o * = * .      |
[   17.092244] cloud-init[692]: | . = = B O .     |
[   17.093731] cloud-init[692]: |  . = X S = .    |
[   17.095842] cloud-init[692]: |   + B @ = =     |
[   17.096944] cloud-init[692]: |  . o * B   o    |
[   17.097965] cloud-init[692]: |   o + .         |
[   17.100032] cloud-init[692]: |    o            |
[   17.101421] cloud-init[692]: +----[SHA256]-----+
[   17.112866] cloud-init[692]: Generating public/private ecdsa key pair.
[   17.114445] cloud-init[692]: Your identification has been saved in /etc/ssh/ssh_host_ecdsa_key.
[   17.116648] cloud-init[692]: Your public key has been saved in /etc/ssh/ssh_host_ecdsa_key.pub.
[   17.118987] cloud-init[692]: The key fingerprint is:
[   17.122066] cloud-init[692]: SHA256:PklC3jIECcT2/dGnJ339O6N5ZS3wtePIwyFfd56cj1w root@ubuntu-bionic
[   17.124619] cloud-init[692]: The key's randomart image is:
[   17.125969] cloud-init[692]: +---[ECDSA 256]---+
[   17.126411] cloud-init[692]: | oo...           |
[   17.127285] cloud-init[692]: |  o ..           |
[   17.128450] cloud-init[692]: | . . .o  .       |
[   17.129285] cloud-init[692]: |    .+... . o   .|
[   17.129884] cloud-init[692]: |      =.S. + o oo|
[   17.130014] cloud-init[692]: |       *..o.o.++B|
[[   17.130200] [0;32m  OK  [0mcloud-init] [692]: Started Initial cloud-init job (metadata service crawler).|        +  o=.*+E|

[   17.134315] cloud-init[692]: |         .   B.@o|
[[0;32m  OK  [0m[   17.144733] cloud-init[692]: |             o*.*|
[   17.145206] cloud-init[692]: +----[SHA256]-----+
[   17.146097] cloud-init[692]: Generating public/private ed25519 key pair.
[   17.146980] cloud-init[692]: Your identification has been saved in /etc/ssh/ssh_host_ed25519_key.
[   17.148147] cloud-init[692]: Your public key has been saved in /etc/ssh/ssh_host_ed25519_key.pub.
[   17.148862] cloud-init[692]: The key fingerprint is:
[   17.149465] cloud-init[692]: SHA256:dJkDkMMy0vHHxa8AUTL0CCZb3LNH+ZSFGx2maRtqmyI root@ubuntu-bionic
[   17.150253] cloud-init[692]: The key's randomart image is:
[   17.151125] cloud-init[692]: +--[ED25519 256]--+
[   17.151951] cloud-init[692]: |  .o==*=oo.=+.   |
] Reached target Network is Online.
[   17.152865] cloud-init[692]: |  .==oB*oo**.    |
[   17.158908] cloud-init[692]: |  .. oo*=oX+     |
[   17.168287] cloud-init[692]: |      .oo+o+.    |
[   17.170162] cloud-init[692]: |       .S...     |
[   17.171967] cloud-init[692]: |       . o.      |
[   17.172987] cloud-init[692]: |    E . o        |
[   17.174452] cloud-init[692]: |     . .         |
[   17.176496] cloud-init[692]: |                 |
[   17.176630] cloud-init[692]: +----[SHA256]-----+
         Starting Availability of block devices...
[[0;32m  OK  [0m] Reached target Remote File Systems (Pre).
[[0;32m  OK  [0m] Reached target Remote File Systems.
[[0;32m  OK  [0m] Reached target Cloud-config availability.
[[0;32m  OK  [0m] Reached target System Initialization.
[[0;32m  OK  [0m] Started Discard unused blocks once a week.
[[0;32m  OK  [0m] Started ACPI Events Check.
         Starting LXD - unix socket.
[[0;32m  OK  [0m] Started Message of the Day.
[[0;32m  OK  [0m] Listening on ACPID Listen Socket.
[[0;32m  OK  [0m] Listening on UUID daemon activation socket.
[[0;32m  OK  [0m] Listening on D-Bus System Message Bus Socket.
[[0;32m  OK  [0m] Listening on Open-iSCSI iscsid Socket.
[[0;32m  OK  [0m] Started Daily apt download activities.
[[0;32m  OK  [0m] Started Daily apt upgrade and clean activities.
         Starting Socket activation for snappy daemon.
[[0;32m  OK  [0m] Reached target Paths.
[[0;32m  OK  [0m] Started Daily Cleanup of Temporary Directories.
[[0;32m  OK  [0m] Reached target Timers.
[[0;32m  OK  [0m] Started Availability of block devices.
[[0;32m  OK  [0m] Listening on LXD - unix socket.
[[0;32m  OK  [0m] Listening on Socket activation for snappy daemon.
[[0;32m  OK  [0m] Reached target Sockets.
[[0;32m  OK  [0m] Reached target Basic System.
[[0;32m  OK  [0m] Started Regular background program processing daemon.
         Starting Permit User Sessions...
         Starting Login Service...
         Starting Pollinate to seed the pseudo random number generator...
         Starting LSB: Record successful boot for GRUB...
         Starting System Logging Service...
         Starting Virtualbox guest utils...
         Starting LSB: automatic crash report generation...
[[0;32m  OK  [0m] Started FUSE filesystem for LXC.
         Starting Snap Daemon...
         Starting Accounts Service...
[[0;32m  OK  [0m] Started D-Bus System Message Bus.
[[0;32m  OK  [0m] Started irqbalance daemon.
[[0;32m  OK  [0m] Started Deferred execution scheduler.
         Starting Dispatcher daemon for systemd-networkd...
         Starting LXD - container startup/shutdown...
[[0;32m  OK  [0m] Started System Logging Service.
[[0;32m  OK  [0m] Started Permit User Sessions.
[[0;32m  OK  [0m] Started Login Service.
         Starting Authorization Manager...
[[0;32m  OK  [0m] Started Unattended Upgrades Shutdown.
         Starting Hold until boot process finishes up...
         Starting Terminate Plymouth Boot Screen...
[[0;32m  OK  [0m] Started Hold until boot process finishes up.
         Starting Set console scheme...
[[0;32m  OK  [0m] Started Serial Getty on ttyS0.
[[0;32m  OK  [0m] Started Terminate Plymouth Boot Screen.
[[0;32m  OK  [0m] Started LSB: automatic crash report generation.
[[0;32m  OK  [0m] Started Set console scheme.
[[0;32m  OK  [0m] Created slice system-getty.slice.
[[0;32m  OK  [0m] Started Getty on tty1.
[[0;32m  OK  [0m] Reached target Login Prompts.
[[0;32m  OK  [0m] Started LSB: Record successful boot for GRUB.
[[0;32m  OK  [0m] Started LXD - container startup/shutdown.
[[0;32m  OK  [0m] Started Virtualbox guest utils.
[[0;32m  OK  [0m] Started Authorization Manager.
[[0;32m  OK  [0m] Started Accounts Service.
[[0;32m  OK  [0m] Started Dispatcher daemon for systemd-networkd.
[[0;32m  OK  [0m] Started Snap Daemon.
         Starting Wait until snapd is fully seeded...
[[0;32m  OK  [0m] Started Pollinate to seed the pseudo random number generator.
         Starting OpenBSD Secure Shell server...
[[0;32m  OK  [0m] Started OpenBSD Secure Shell server.
[[0;32m  OK  [0m] Created slice User Slice of vagrant.
         Starting User Manager for UID 1000...
[[0;32m  OK  [0m] Started Session 1 of user vagrant.
[[0;32m  OK  [0m] Started User Manager for UID 1000.

Ubuntu 18.04.5 LTS ubuntu-bionic ttyS0

ubuntu-bionic login: [   36.858496] cloud-init[1831]: Cloud-init v. 20.3-2-g371b392c-0ubuntu1~18.04.1 running 'modules:config' at Wed, 14 Oct 2020 10:23:46 +0000. Up 35.88 seconds.
ci-info: no authorized SSH keys fingerprints found for user ubuntu.
<14>Oct 14 10:23:48 ec2: 
<14>Oct 14 10:23:48 ec2: #############################################################
<14>Oct 14 10:23:48 ec2: -----BEGIN SSH HOST KEY FINGERPRINTS-----
<14>Oct 14 10:23:48 ec2: 1024 SHA256:Uu5BP7hY8fTOII5acCOm7XQU4I3e5p1GGcqFKaN0UhU root@ubuntu-bionic (DSA)
<14>Oct 14 10:23:48 ec2: 256 SHA256:PklC3jIECcT2/dGnJ339O6N5ZS3wtePIwyFfd56cj1w root@ubuntu-bionic (ECDSA)
<14>Oct 14 10:23:48 ec2: 256 SHA256:dJkDkMMy0vHHxa8AUTL0CCZb3LNH+ZSFGx2maRtqmyI root@ubuntu-bionic (ED25519)
<14>Oct 14 10:23:48 ec2: 2048 SHA256:ZxkSIR3e5TQtuTPoYks0wIhZf3bct44CGXxcRLD+g9A root@ubuntu-bionic (RSA)
<14>Oct 14 10:23:48 ec2: -----END SSH HOST KEY FINGERPRINTS-----
<14>Oct 14 10:23:48 ec2: #############################################################
-----BEGIN SSH HOST KEY KEYS-----
ecdsa-sha2-nistp256 AAAAE2VjZHNhLXNoYTItbmlzdHAyNTYAAAAIbmlzdHAyNTYAAABBBKr5rWVroWM7YM2n4DkRZ5WbFzORuK682s1i0WmNBAN0pPWFLXje3Shs9Ix9nnIGANKLCLYDGVJ8Bg8NBZh0G4E= root@ubuntu-bionic
ssh-ed25519 AAAAC3NzaC1lZDI1NTE5AAAAIMn94MMFFf95yTz6zckmSEB9aEK4T+Q8jfvlZo/bu8Av root@ubuntu-bionic
ssh-rsa AAAAB3NzaC1yc2EAAAADAQABAAABAQDZfgPOth45pEeEd+Qy//vV+v8dC5M/uj4nqOPfWl2rbREacQOb0lZU4szAjlHA2s7urvSNLYGCQn4JFZfwAbmZ58Py0GuQPJ6zMjrLJMAuEyJv4ti7vJ3NMPTvbkFM7dPkxt5EaCygs72Te4wwWXjJL8hwNjgshK/0nQPEQmb3WwwqYfSfXKMGYDzfyCJMauj7Vy0z3o/WbHCJEqXKSag+InWFp+g6acfAb1hBI4RY70RRVLZ+suoar9e2WDHAHTnTPg/hWLEX2M2xy5MWtJRt4cg9m00vvujChqv1+OhHKDAaoSnop7boTEnGJCqpA29AucrQtFGWN+FLx6CEadA/ root@ubuntu-bionic
-----END SSH HOST KEY KEYS-----
[   38.265274] cloud-init[1879]: Cloud-init v. 20.3-2-g371b392c-0ubuntu1~18.04.1 running 'modules:final' at Wed, 14 Oct 2020 10:23:48 +0000. Up 37.91 seconds.
[   38.265411] cloud-init[1879]: ci-info: no authorized SSH keys fingerprints found for user ubuntu.
[   38.265518] cloud-init[1879]: Cloud-init v. 20.3-2-g371b392c-0ubuntu1~18.04.1 finished at Wed, 14 Oct 2020 10:23:48 +0000. Datasource DataSourceNoCloud [seed=/dev/sdb][dsmode=net].  Up 38.25 seconds
